Archive member included to satisfy reference by file (symbol)

/Applications/STM32CubeIDE.app/Contents/Eclipse/plugins/com.st.stm32cube.ide.mcu.externaltools.gnu-tools-for-stm32.12.3.rel1.macos64_1.0.200.202406191456/tools/bin/../lib/gcc/arm-none-eabi/12.3.1/../../../../arm-none-eabi/lib/thumb/v7e-m/nofp/libc_nano.a(libc_a-exit.o)
                              /Applications/STM32CubeIDE.app/Contents/Eclipse/plugins/com.st.stm32cube.ide.mcu.externaltools.gnu-tools-for-stm32.12.3.rel1.macos64_1.0.200.202406191456/tools/bin/../lib/gcc/arm-none-eabi/12.3.1/../../../../arm-none-eabi/lib/thumb/v7e-m/nofp/crt0.o (exit)
/Applications/STM32CubeIDE.app/Contents/Eclipse/plugins/com.st.stm32cube.ide.mcu.externaltools.gnu-tools-for-stm32.12.3.rel1.macos64_1.0.200.202406191456/tools/bin/../lib/gcc/arm-none-eabi/12.3.1/../../../../arm-none-eabi/lib/thumb/v7e-m/nofp/libc_nano.a(libc_a-nano-vfprintf_float.o)
                              (_printf_float)
/Applications/STM32CubeIDE.app/Contents/Eclipse/plugins/com.st.stm32cube.ide.mcu.externaltools.gnu-tools-for-stm32.12.3.rel1.macos64_1.0.200.202406191456/tools/bin/../lib/gcc/arm-none-eabi/12.3.1/../../../../arm-none-eabi/lib/thumb/v7e-m/nofp/libc_nano.a(libc_a-malloc.o)
                              ./Core/Src/main.o (malloc)
/Applications/STM32CubeIDE.app/Contents/Eclipse/plugins/com.st.stm32cube.ide.mcu.externaltools.gnu-tools-for-stm32.12.3.rel1.macos64_1.0.200.202406191456/tools/bin/../lib/gcc/arm-none-eabi/12.3.1/../../../../arm-none-eabi/lib/thumb/v7e-m/nofp/libc_nano.a(libc_a-mallocr.o)
                              /Applications/STM32CubeIDE.app/Contents/Eclipse/plugins/com.st.stm32cube.ide.mcu.externaltools.gnu-tools-for-stm32.12.3.rel1.macos64_1.0.200.202406191456/tools/bin/../lib/gcc/arm-none-eabi/12.3.1/../../../../arm-none-eabi/lib/thumb/v7e-m/nofp/libc_nano.a(libc_a-malloc.o) (_malloc_r)
/Applications/STM32CubeIDE.app/Contents/Eclipse/plugins/com.st.stm32cube.ide.mcu.externaltools.gnu-tools-for-stm32.12.3.rel1.macos64_1.0.200.202406191456/tools/bin/../lib/gcc/arm-none-eabi/12.3.1/../../../../arm-none-eabi/lib/thumb/v7e-m/nofp/libc_nano.a(libc_a-nano-vfprintf_i.o)
                              /Applications/STM32CubeIDE.app/Contents/Eclipse/plugins/com.st.stm32cube.ide.mcu.externaltools.gnu-tools-for-stm32.12.3.rel1.macos64_1.0.200.202406191456/tools/bin/../lib/gcc/arm-none-eabi/12.3.1/../../../../arm-none-eabi/lib/thumb/v7e-m/nofp/libc_nano.a(libc_a-nano-vfprintf_float.o) (_printf_common)
/Applications/STM32CubeIDE.app/Contents/Eclipse/plugins/com.st.stm32cube.ide.mcu.externaltools.gnu-tools-for-stm32.12.3.rel1.macos64_1.0.200.202406191456/tools/bin/../lib/gcc/arm-none-eabi/12.3.1/../../../../arm-none-eabi/lib/thumb/v7e-m/nofp/libc_nano.a(libc_a-fclose.o)
                              ./SubGHz_Phy/App/compression.o (fclose)
/Applications/STM32CubeIDE.app/Contents/Eclipse/plugins/com.st.stm32cube.ide.mcu.externaltools.gnu-tools-for-stm32.12.3.rel1.macos64_1.0.200.202406191456/tools/bin/../lib/gcc/arm-none-eabi/12.3.1/../../../../arm-none-eabi/lib/thumb/v7e-m/nofp/libc_nano.a(libc_a-fflush.o)
                              /Applications/STM32CubeIDE.app/Contents/Eclipse/plugins/com.st.stm32cube.ide.mcu.externaltools.gnu-tools-for-stm32.12.3.rel1.macos64_1.0.200.202406191456/tools/bin/../lib/gcc/arm-none-eabi/12.3.1/../../../../arm-none-eabi/lib/thumb/v7e-m/nofp/libc_nano.a(libc_a-fclose.o) (__sflush_r)
/Applications/STM32CubeIDE.app/Contents/Eclipse/plugins/com.st.stm32cube.ide.mcu.externaltools.gnu-tools-for-stm32.12.3.rel1.macos64_1.0.200.202406191456/tools/bin/../lib/gcc/arm-none-eabi/12.3.1/../../../../arm-none-eabi/lib/thumb/v7e-m/nofp/libc_nano.a(libc_a-mlock.o)
                              /Applications/STM32CubeIDE.app/Contents/Eclipse/plugins/com.st.stm32cube.ide.mcu.externaltools.gnu-tools-for-stm32.12.3.rel1.macos64_1.0.200.202406191456/tools/bin/../lib/gcc/arm-none-eabi/12.3.1/../../../../arm-none-eabi/lib/thumb/v7e-m/nofp/libc_nano.a(libc_a-mallocr.o) (__malloc_lock)
/Applications/STM32CubeIDE.app/Contents/Eclipse/plugins/com.st.stm32cube.ide.mcu.externaltools.gnu-tools-for-stm32.12.3.rel1.macos64_1.0.200.202406191456/tools/bin/../lib/gcc/arm-none-eabi/12.3.1/../../../../arm-none-eabi/lib/thumb/v7e-m/nofp/libc_nano.a(libc_a-realloc.o)
                              ./SubGHz_Phy/App/compression.o (realloc)
/Applications/STM32CubeIDE.app/Contents/Eclipse/plugins/com.st.stm32cube.ide.mcu.externaltools.gnu-tools-for-stm32.12.3.rel1.macos64_1.0.200.202406191456/tools/bin/../lib/gcc/arm-none-eabi/12.3.1/../../../../arm-none-eabi/lib/thumb/v7e-m/nofp/libc_nano.a(libc_a-findfp.o)
                              /Applications/STM32CubeIDE.app/Contents/Eclipse/plugins/com.st.stm32cube.ide.mcu.externaltools.gnu-tools-for-stm32.12.3.rel1.macos64_1.0.200.202406191456/tools/bin/../lib/gcc/arm-none-eabi/12.3.1/../../../../arm-none-eabi/lib/thumb/v7e-m/nofp/libc_nano.a(libc_a-fflush.o) (__sglue)
[...]
Memory Configuration

Name             Origin             Length             Attributes
RAM              0x20000000         0x00010000         xrw
RAM2             0x10000000         0x00008000         xrw
FLASH            0x08000000         0x00040000         xr
*default*        0x00000000         0xffffffff

Linker script and memory map

LOAD /Applications/STM32CubeIDE.app/Contents/Eclipse/plugins/com.st.stm32cube.ide.mcu.externaltools.gnu-tools-for-stm32.12.3.rel1.macos64_1.0.200.202406191456/tools/bin/../lib/gcc/arm-none-eabi/12.3.1/thumb/v7e-m/nofp/crti.o
LOAD /Applications/STM32CubeIDE.app/Contents/Eclipse/plugins/com.st.stm32cube.ide.mcu.externaltools.gnu-tools-for-stm32.12.3.rel1.macos64_1.0.200.202406191456/tools/bin/../lib/gcc/arm-none-eabi/12.3.1/thumb/v7e-m/nofp/crtbegin.o
LOAD /Applications/STM32CubeIDE.app/Contents/Eclipse/plugins/com.st.stm32cube.ide.mcu.externaltools.gnu-tools-for-stm32.12.3.rel1.macos64_1.0.200.202406191456/tools/bin/../lib/gcc/arm-none-eabi/12.3.1/../../../../arm-none-eabi/lib/thumb/v7e-m/nofp/crt0.o
LOAD ./Core/Src/dma.o
LOAD ./Core/Src/gpio.o
LOAD ./Core/Src/main.o
LOAD ./Core/Src/rtc.o
LOAD ./Core/Src/stm32_lpm_if.o
LOAD ./Core/Src/stm32wlxx_hal_msp.o
LOAD ./Core/Src/stm32wlxx_it.o
LOAD ./Core/Src/subghz.o
LOAD ./Core/Src/sys_app.o
LOAD ./Core/Src/sys_debug.o
LOAD ./Core/Src/syscalls.o
LOAD ./Core/Src/sysmem.o
LOAD ./Core/Src/system_stm32wlxx.o
LOAD ./Core/Src/timer_if.o
LOAD ./Core/Src/usart.o
LOAD ./Core/Src/usart_if.o
LOAD ./Core/Startup/startup_stm32wl55jcix.o
LOAD ./Drivers/BSP/STM32WLxx_Nucleo/stm32wlxx_nucleo.o
LOAD ./Drivers/BSP/STM32WLxx_Nucleo/stm32wlxx_nucleo_radio.o
LOAD ./Drivers/STM32WLxx_HAL_Driver/Src/stm32wlxx_hal.o
LOAD ./Drivers/STM32WLxx_HAL_Driver/Src/stm32wlxx_hal_cortex.o
LOAD ./Drivers/STM32WLxx_HAL_Driver/Src/stm32wlxx_hal_dma.o
LOAD ./Drivers/STM32WLxx_HAL_Driver/Src/stm32wlxx_hal_dma_ex.o
LOAD ./Drivers/STM32WLxx_HAL_Driver/Src/stm32wlxx_hal_exti.o
LOAD ./Drivers/STM32WLxx_HAL_Driver/Src/stm32wlxx_hal_flash.o
LOAD ./Drivers/STM32WLxx_HAL_Driver/Src/stm32wlxx_hal_flash_ex.o
LOAD ./Drivers/STM32WLxx_HAL_Driver/Src/stm32wlxx_hal_gpio.o
LOAD ./Drivers/STM32WLxx_HAL_Driver/Src/stm32wlxx_hal_pwr.o
LOAD ./Drivers/STM32WLxx_HAL_Driver/Src/stm32wlxx_hal_pwr_ex.o
LOAD ./Drivers/STM32WLxx_HAL_Driver/Src/stm32wlxx_hal_rcc.o
LOAD ./Drivers/STM32WLxx_HAL_Driver/Src/stm32wlxx_hal_rcc_ex.o
LOAD ./Drivers/STM32WLxx_HAL_Driver/Src/stm32wlxx_hal_rtc.o
LOAD ./Drivers/STM32WLxx_HAL_Driver/Src/stm32wlxx_hal_rtc_ex.o
LOAD ./Drivers/STM32WLxx_HAL_Driver/Src/stm32wlxx_hal_subghz.o
LOAD ./Drivers/STM32WLxx_HAL_Driver/Src/stm32wlxx_hal_tim.o
LOAD ./Drivers/STM32WLxx_HAL_Driver/Src/stm32wlxx_hal_tim_ex.o
LOAD ./Drivers/STM32WLxx_HAL_Driver/Src/stm32wlxx_hal_uart.o
LOAD ./Drivers/STM32WLxx_HAL_Driver/Src/stm32wlxx_hal_uart_ex.o
LOAD ./Drivers/STM32WLxx_HAL_Driver/Src/stm32wlxx_hal_usart.o
LOAD ./Drivers/STM32WLxx_HAL_Driver/Src/stm32wlxx_hal_usart_ex.o
LOAD ./Middlewares/Third_Party/SubGHz_Phy/stm32_radio_driver/lr_fhss_mac.o
LOAD ./Middlewares/Third_Party/SubGHz_Phy/stm32_radio_driver/radio.o
LOAD ./Middlewares/Third_Party/SubGHz_Phy/stm32_radio_driver/radio_driver.o
LOAD ./Middlewares/Third_Party/SubGHz_Phy/stm32_radio_driver/radio_fw.o
LOAD ./Middlewares/Third_Party/SubGHz_Phy/stm32_radio_driver/wl_lr_fhss.o
LOAD ./SubGHz_Phy/App/app_subghz_phy.o
LOAD ./SubGHz_Phy/App/compression.o
LOAD ./SubGHz_Phy/App/data.o
LOAD ./SubGHz_Phy/App/subghz_phy_app.o
LOAD ./SubGHz_Phy/Target/radio_board_if.o
LOAD ./Utilities/lpm/tiny_lpm/stm32_lpm.o
LOAD ./Utilities/misc/stm32_mem.o
LOAD ./Utilities/misc/stm32_systime.o
LOAD ./Utilities/misc/stm32_tiny_sscanf.o
LOAD ./Utilities/misc/stm32_tiny_vsnprintf.o
LOAD ./Utilities/sequencer/stm32_seq.o
LOAD ./Utilities/timer/stm32_timer.o
LOAD ./Utilities/trace/adv_trace/stm32_adv_trace.o
START GROUP
LOAD /Applications/STM32CubeIDE.app/Contents/Eclipse/plugins/com.st.stm32cube.ide.mcu.externaltools.gnu-tools-for-stm32.12.3.rel1.macos64_1.0.200.202406191456/tools/bin/../lib/gcc/arm-none-eabi/12.3.1/../../../../arm-none-eabi/lib/thumb/v7e-m/nofp/libc_nano.a
LOAD /Applications/STM32CubeIDE.app/Contents/Eclipse/plugins/com.st.stm32cube.ide.mcu.externaltools.gnu-tools-for-stm32.12.3.rel1.macos64_1.0.200.202406191456/tools/bin/../lib/gcc/arm-none-eabi/12.3.1/../../../../arm-none-eabi/lib/thumb/v7e-m/nofp/libm.a
END GROUP
START GROUP
LOAD /Applications/STM32CubeIDE.app/Contents/Eclipse/plugins/com.st.stm32cube.ide.mcu.externaltools.gnu-tools-for-stm32.12.3.rel1.macos64_1.0.200.202406191456/tools/bin/../lib/gcc/arm-none-eabi/12.3.1/thumb/v7e-m/nofp/libgcc.a
LOAD /Applications/STM32CubeIDE.app/Contents/Eclipse/plugins/com.st.stm32cube.ide.mcu.externaltools.gnu-tools-for-stm32.12.3.rel1.macos64_1.0.200.202406191456/tools/bin/../lib/gcc/arm-none-eabi/12.3.1/../../../../arm-none-eabi/lib/thumb/v7e-m/nofp/libc_nano.a
END GROUP
START GROUP
LOAD /Applications/STM32CubeIDE.app/Contents/Eclipse/plugins/com.st.stm32cube.ide.mcu.externaltools.gnu-tools-for-stm32.12.3.rel1.macos64_1.0.200.202406191456/tools/bin/../lib/gcc/arm-none-eabi/12.3.1/thumb/v7e-m/nofp/libgcc.a
LOAD /Applications/STM32CubeIDE.app/Contents/Eclipse/plugins/com.st.stm32cube.ide.mcu.externaltools.gnu-tools-for-stm32.12.3.rel1.macos64_1.0.200.202406191456/tools/bin/../lib/gcc/arm-none-eabi/12.3.1/../../../../arm-none-eabi/lib/thumb/v7e-m/nofp/libc_nano.a
LOAD /Applications/STM32CubeIDE.app/Contents/Eclipse/plugins/com.st.stm32cube.ide.mcu.externaltools.gnu-tools-for-stm32.12.3.rel1.macos64_1.0.200.202406191456/tools/bin/../lib/gcc/arm-none-eabi/12.3.1/../../../../arm-none-eabi/lib/thumb/v7e-m/nofp/libnosys.a
END GROUP
START GROUP
LOAD /Applications/STM32CubeIDE.app/Contents/Eclipse/plugins/com.st.stm32cube.ide.mcu.externaltools.gnu-tools-for-stm32.12.3.rel1.macos64_1.0.200.202406191456/tools/bin/../lib/gcc/arm-none-eabi/12.3.1/thumb/v7e-m/nofp/libgcc.a
LOAD /Applications/STM32CubeIDE.app/Contents/Eclipse/plugins/com.st.stm32cube.ide.mcu.externaltools.gnu-tools-for-stm32.12.3.rel1.macos64_1.0.200.202406191456/tools/bin/../lib/gcc/arm-none-eabi/12.3.1/../../../../arm-none-eabi/lib/thumb/v7e-m/nofp/libc_nano.a
LOAD /Applications/STM32CubeIDE.app/Contents/Eclipse/plugins/com.st.stm32cube.ide.mcu.externaltools.gnu-tools-for-stm32.12.3.rel1.macos64_1.0.200.202406191456/tools/bin/../lib/gcc/arm-none-eabi/12.3.1/../../../../arm-none-eabi/lib/thumb/v7e-m/nofp/libnosys.a
END GROUP
LOAD /Applications/STM32CubeIDE.app/Contents/Eclipse/plugins/com.st.stm32cube.ide.mcu.externaltools.gnu-tools-for-stm32.12.3.rel1.macos64_1.0.200.202406191456/tools/bin/../lib/gcc/arm-none-eabi/12.3.1/thumb/v7e-m/nofp/crtend.o
LOAD /Applications/STM32CubeIDE.app/Contents/Eclipse/plugins/com.st.stm32cube.ide.mcu.externaltools.gnu-tools-for-stm32.12.3.rel1.macos64_1.0.200.202406191456/tools/bin/../lib/gcc/arm-none-eabi/12.3.1/thumb/v7e-m/nofp/crtn.o
                0x20010000                        _estack = (ORIGIN (RAM) + LENGTH (RAM))
                0x00000200                        _Min_Heap_Size = 0x200
                0x00000400                        _Min_Stack_Size = 0x400

.isr_vector     0x08000000      0x138
                0x08000000                        . = ALIGN (0x4)
 *(.isr_vector)
 .isr_vector    0x08000000      0x138 ./Core/Startup/startup_stm32wl55jcix.o
                0x08000000                g_pfnVectors
                0x08000138                        . = ALIGN (0x4)

.text           0x08000140    0x106cc
                0x08000140                        . = ALIGN (0x4)
 *(.text)
 .text          0x08000140       0x40 /Applications/STM32CubeIDE.app/Contents/Eclipse/plugins/com.st.stm32cube.ide.mcu.externaltools.gnu-tools-for-stm32.12.3.rel1.macos64_1.0.200.202406191456/tools/bin/../lib/gcc/arm-none-eabi/12.3.1/thumb/v7e-m/nofp/crtbegin.o
 .text          0x08000180       0xa0 /Applications/STM32CubeIDE.app/Contents/Eclipse/plugins/com.st.stm32cube.ide.mcu.externaltools.gnu-tools-for-stm32.12.3.rel1.macos64_1.0.200.202406191456/tools/bin/../lib/gcc/arm-none-eabi/12.3.1/../../../../arm-none-eabi/lib/thumb/v7e-m/nofp/libc_nano.a(libc_a-memchr.o)
                0x08000180                memchr
 .text          0x08000220       0x10 /Applications/STM32CubeIDE.app/Contents/Eclipse/plugins/com.st.stm32cube.ide.mcu.externaltools.gnu-tools-for-stm32.12.3.rel1.macos64_1.0.200.202406191456/tools/bin/../lib/gcc/arm-none-eabi/12.3.1/../../../../arm-none-eabi/lib/thumb/v7e-m/nofp/libc_nano.a(libc_a-strlen.o)
                0x08000220                strlen
 .text          0x08000230      0x378 /Applications/STM32CubeIDE.app/Contents/Eclipse/plugins/com.st.stm32cube.ide.mcu.externaltools.gnu-tools-for-stm32.12.3.rel1.macos64_1.0.200.202406191456/tools/bin/../lib/gcc/arm-none-eabi/12.3.1/thumb/v7e-m/nofp/libgcc.a(_arm_addsubdf3.o)
                0x08000230                __aeabi_drsub
                0x08000238                __subdf3
                0x08000238                __aeabi_dsub
                0x0800023c                __aeabi_dadd
                0x0800023c                __adddf3
                0x080004b4                __aeabi_ui2d
                0x080004b4                __floatunsidf
                0x080004d4                __floatsidf
                0x080004d4                __aeabi_i2d
                0x080004f8                __extendsfdf2
                0x080004f8                __aeabi_f2d
                0x0800053c                __aeabi_ul2d
                0x0800053c                __floatundidf
                0x0800054c                __aeabi_l2d
                0x0800054c                __floatdidf
 .text          0x080005a8      0x424 /Applications/STM32CubeIDE.app/Contents/Eclipse/plugins/com.st.stm32cube.ide.mcu.externaltools.gnu-tools-for-stm32.12.3.rel1.macos64_1.0.200.202406191456/tools/bin/../lib/gcc/arm-none-eabi/12.3.1/thumb/v7e-m/nofp/libgcc.a(_arm_muldivdf3.o)
                0x080005a8                __aeabi_dmul
                0x080005a8                __muldf3
                0x080007fc                __aeabi_ddiv
                0x080007fc                __divdf3
 .text          0x080009cc      0x110 /Applications/STM32CubeIDE.app/Contents/Eclipse/plugins/com.st.stm32cube.ide.mcu.externaltools.gnu-tools-for-stm32.12.3.rel1.macos64_1.0.200.202406191456/tools/bin/../lib/gcc/arm-none-eabi/12.3.1/thumb/v7e-m/nofp/libgcc.a(_arm_cmpdf2.o)
                0x080009cc                __gedf2
                0x080009cc                __gtdf2
                0x080009d4                __ledf2
                0x080009d4                __ltdf2
                0x080009dc                __cmpdf2
                0x080009dc                __eqdf2
                0x080009dc                __nedf2
                0x08000a58                __aeabi_cdrcmple
                0x08000a68                __aeabi_cdcmple
                0x08000a68                __aeabi_cdcmpeq
                0x08000a78                __aeabi_dcmpeq
                0x08000a8c                __aeabi_dcmplt
                0x08000aa0                __aeabi_dcmple
                0x08000ab4                __aeabi_dcmpge
                0x08000ac8                __aeabi_dcmpgt
 .text          0x08000adc       0x2c /Applications/STM32CubeIDE.app/Contents/Eclipse/plugins/com.st.stm32cube.ide.mcu.externaltools.gnu-tools-for-stm32.12.3.rel1.macos64_1.0.200.202406191456/tools/bin/../lib/gcc/arm-none-eabi/12.3.1/thumb/v7e-m/nofp/libgcc.a(_arm_unorddf2.o)
                0x08000adc                __aeabi_dcmpun
                0x08000adc                __unorddf2
 .text          0x08000b08       0x50 /Applications/STM32CubeIDE.app/Contents/Eclipse/plugins/com.st.stm32cube.ide.mcu.externaltools.gnu-tools-for-stm32.12.3.rel1.macos64_1.0.200.202406191456/tools/bin/../lib/gcc/arm-none-eabi/12.3.1/thumb/v7e-m/nofp/libgcc.a(_arm_fixdfsi.o)
                0x08000b08                __fixdfsi
                0x08000b08                __aeabi_d2iz
 .text          0x08000b58       0xa0 /Applications/STM32CubeIDE.app/Contents/Eclipse/plugins/com.st.stm32cube.ide.mcu.externaltools.gnu-tools-for-stm32.12.3.rel1.macos64_1.0.200.202406191456/tools/bin/../lib/gcc/arm-none-eabi/12.3.1/thumb/v7e-m/nofp/libgcc.a(_arm_truncdfsf2.o)
                0x08000b58                __aeabi_d2f
                0x08000b58                __truncdfsf2
 .text          0x08000bf8      0x21c /Applications/STM32CubeIDE.app/Contents/Eclipse/plugins/com.st.stm32cube.ide.mcu.externaltools.gnu-tools-for-stm32.12.3.rel1.macos64_1.0.200.202406191456/tools/bin/../lib/gcc/arm-none-eabi/12.3.1/thumb/v7e-m/nofp/libgcc.a(_arm_addsubsf3.o)
                0x08000bf8                __aeabi_frsub
                0x08000c00                __aeabi_fsub
                0x08000c00                __subsf3
                0x08000c04                __aeabi_fadd
                0x08000c04                __addsf3
                0x08000d64                __aeabi_ui2f
                0x08000d64                __floatunsisf
                0x08000d6c                __floatsisf
                0x08000d6c                __aeabi_i2f
                0x08000d88                __aeabi_ul2f
                0x08000d88                __floatundisf
                0x08000d98                __aeabi_l2f
                0x08000d98                __floatdisf
 .text          0x08000e14       0xec /Applications/STM32CubeIDE.app/Contents/Eclipse/plugins/com.st.stm32cube.ide.mcu.externaltools.gnu-tools-for-stm32.12.3.rel1.macos64_1.0.200.202406191456/tools/bin/../lib/gcc/arm-none-eabi/12.3.1/thumb/v7e-m/nofp/libgcc.a(_arm_cmpsf2.o)
                0x08000e14                __gesf2
                0x08000e14                __gtsf2
                0x08000e1c                __ltsf2
                0x08000e1c                __lesf2
                0x08000e24                __nesf2
                0x08000e24                __eqsf2
                0x08000e24                __cmpsf2
                0x08000e84                __aeabi_cfrcmple
                0x08000e8c                __aeabi_cfcmpeq
                0x08000e8c                __aeabi_cfcmple
                0x08000e9c                __aeabi_fcmpeq
                0x08000eb0                __aeabi_fcmplt
                0x08000ec4                __aeabi_fcmple
                0x08000ed8                __aeabi_fcmpge
                0x08000eec                __aeabi_fcmpgt
 .text          0x08000f00       0x30 /Applications/STM32CubeIDE.app/Contents/Eclipse/plugins/com.st.stm32cube.ide.mcu.externaltools.gnu-tools-for-stm32.12.3.rel1.macos64_1.0.200.202406191456/tools/bin/../lib/gcc/arm-none-eabi/12.3.1/thumb/v7e-m/nofp/libgcc.a(_aeabi_uldivmod.o)
                0x08000f00                __aeabi_uldivmod
 .text          0x08000f30      0x2bc /Applications/STM32CubeIDE.app/Contents/Eclipse/plugins/com.st.stm32cube.ide.mcu.externaltools.gnu-tools-for-stm32.12.3.rel1.macos64_1.0.200.202406191456/tools/bin/../lib/gcc/arm-none-eabi/12.3.1/thumb/v7e-m/nofp/libgcc.a(_udivmoddi4.o)
                0x08000f30                __udivmoddi4
 .text          0x080011ec        0x4 /Applications/STM32CubeIDE.app/Contents/Eclipse/plugins/com.st.stm32cube.ide.mcu.externaltools.gnu-tools-for-stm32.12.3.rel1.macos64_1.0.200.202406191456/tools/bin/../lib/gcc/arm-none-eabi/12.3.1/thumb/v7e-m/nofp/libgcc.a(_dvmd_tls.o)
                0x080011ec                __aeabi_ldiv0
                0x080011ec                __aeabi_idiv0
 *(.text*)
 .text.LL_AHB1_GRP1_EnableClock
                0x080011f0       0x30 ./Core/Src/dma.o
 .text.MX_DMA_Init
                0x08001220       0x24 ./Core/Src/dma.o
                0x08001220                MX_DMA_Init
 .text.LL_AHB2_GRP1_EnableClock
                0x08001244       0x30 ./Core/Src/gpio.o
 .text.MX_GPIO_Init
                0x08001274      0x100 ./Core/Src/gpio.o
                0x08001274                MX_GPIO_Init
 .text.LL_RCC_LSE_SetDriveCapability
                0x08001374       0x2a ./Core/Src/main.o
 *fill*         0x0800139e        0x2 
 .text.main     0x080013a0      0x230 ./Core/Src/main.o
                0x080013a0                main
 .text.SystemClock_Config
                0x080015d0       0xb0 ./Core/Src/main.o
                0x080015d0                SystemClock_Config
 .text.compression_demo
                0x08001680      0x1bc ./Core/Src/main.o
                0x08001680                compression_demo
 .text.Error_Handler
                0x0800183c        0xc ./Core/Src/main.o
                0x0800183c                Error_Handler
 .text.LL_RCC_EnableRTC
                0x08001848       0x20 ./Core/Src/rtc.o
 .text.LL_APB1_GRP1_EnableClock
                0x08001868       0x30 ./Core/Src/rtc.o
 .text.MX_RTC_Init
                0x08001898       0xa8 ./Core/Src/rtc.o
                0x08001898                MX_RTC_Init
 .text.HAL_RTC_MspInit
                0x08001940       0x78 ./Core/Src/rtc.o
                0x08001940                HAL_RTC_MspInit
 .text.LL_PWR_ClearFlag_C1STOP_C1STB
                0x080019b8       0x18 ./Core/Src/stm32_lpm_if.o
 .text.PWR_EnterOffMode
                0x080019d0        0xc ./Core/Src/stm32_lpm_if.o
                0x080019d0                PWR_EnterOffMode
 .text.PWR_ExitOffMode
                0x080019dc        0xc ./Core/Src/stm32_lpm_if.o
                0x080019dc                PWR_ExitOffMode
 .text.PWR_EnterStopMode
                0x080019e8       0x16 ./Core/Src/stm32_lpm_if.o
                0x080019e8                PWR_EnterStopMode
 .text.PWR_ExitStopMode
                0x080019fe       0x10 ./Core/Src/stm32_lpm_if.o
                0x080019fe                PWR_ExitStopMode
 .text.PWR_EnterSleepMode
                0x08001a0e       0x14 ./Core/Src/stm32_lpm_if.o
                0x08001a0e                PWR_EnterSleepMode
 .text.PWR_ExitSleepMode
                0x08001a22        0xc ./Core/Src/stm32_lpm_if.o
                0x08001a22                PWR_ExitSleepMode
 .text.HAL_MspInit
                0x08001a2e        0xc ./Core/Src/stm32wlxx_hal_msp.o
                0x08001a2e                HAL_MspInit
 .text.NMI_Handler
                0x08001a3a        0x8 ./Core/Src/stm32wlxx_it.o
                0x08001a3a                NMI_Handler
 .text.HardFault_Handler
                0x08001a42        0x8 ./Core/Src/stm32wlxx_it.o
                0x08001a42                HardFault_Handler
 .text.MemManage_Handler
                0x08001a4a        0x8 ./Core/Src/stm32wlxx_it.o
                0x08001a4a                MemManage_Handler
 .text.BusFault_Handler
                0x08001a52        0x8 ./Core/Src/stm32wlxx_it.o
                0x08001a52                BusFault_Handler
 .text.UsageFault_Handler
                0x08001a5a        0x8 ./Core/Src/stm32wlxx_it.o
                0x08001a5a                UsageFault_Handler
 .text.SVC_Handler
                0x08001a62        0xc ./Core/Src/stm32wlxx_it.o
                0x08001a62                SVC_Handler
 .text.DebugMon_Handler
                0x08001a6e        0xc ./Core/Src/stm32wlxx_it.o
                0x08001a6e                DebugMon_Handler
 .text.PendSV_Handler
                0x08001a7a        0xc ./Core/Src/stm32wlxx_it.o
                0x08001a7a                PendSV_Handler
 .text.SysTick_Handler
                0x08001a86        0xc ./Core/Src/stm32wlxx_it.o
                0x08001a86                SysTick_Handler
 *fill*         0x08001a92        0x2 
 .text.TAMP_STAMP_LSECSS_SSRU_IRQHandler
                0x08001a94       0x14 ./Core/Src/stm32wlxx_it.o
                0x08001a94                TAMP_STAMP_LSECSS_SSRU_IRQHandler
 .text.EXTI0_IRQHandler
                0x08001aa8        0xe ./Core/Src/stm32wlxx_it.o
                0x08001aa8                EXTI0_IRQHandler
 .text.EXTI1_IRQHandler
                0x08001ab6        0xe ./Core/Src/stm32wlxx_it.o
                0x08001ab6                EXTI1_IRQHandler
 .text.DMA1_Channel5_IRQHandler
                0x08001ac4       0x14 ./Core/Src/stm32wlxx_it.o
                0x08001ac4                DMA1_Channel5_IRQHandler
 .text.EXTI9_5_IRQHandler
                0x08001ad8        0xe ./Core/Src/stm32wlxx_it.o
                0x08001ad8                EXTI9_5_IRQHandler
 *fill*         0x08001ae6        0x2 
 .text.USART2_IRQHandler
                0x08001ae8       0x14 ./Core/Src/stm32wlxx_it.o
                0x08001ae8                USART2_IRQHandler
 .text.RTC_Alarm_IRQHandler
                0x08001afc       0x14 ./Core/Src/stm32wlxx_it.o
                0x08001afc                RTC_Alarm_IRQHandler
 .text.SUBGHZ_Radio_IRQHandler
                0x08001b10       0x14 ./Core/Src/stm32wlxx_it.o
                0x08001b10                SUBGHZ_Radio_IRQHandler
 .text.LL_APB3_GRP1_EnableClock
                0x08001b24       0x30 ./Core/Src/subghz.o
 .text.MX_SUBGHZ_Init
                0x08001b54       0x24 ./Core/Src/subghz.o
                0x08001b54                MX_SUBGHZ_Init
 .text.HAL_SUBGHZ_MspInit
                0x08001b78       0x26 ./Core/Src/subghz.o
                0x08001b78                HAL_SUBGHZ_MspInit
 .text.LL_RCC_SetClkAfterWakeFromStop
                0x08001b9e       0x26 ./Core/Src/sys_app.o
 .text.SystemApp_Init
                0x08001bc4       0x40 ./Core/Src/sys_app.o
                0x08001bc4                SystemApp_Init
 .text.UTIL_SEQ_Idle
                0x08001c04        0xc ./Core/Src/sys_app.o
                0x08001c04                UTIL_SEQ_Idle
 .text.TimestampNow
                0x08001c10       0x40 ./Core/Src/sys_app.o
 .text.UTIL_ADV_TRACE_PreSendHook
                0x08001c50       0x10 ./Core/Src/sys_app.o
                0x08001c50                UTIL_ADV_TRACE_PreSendHook
 .text.UTIL_ADV_TRACE_PostSendHook
                0x08001c60       0x10 ./Core/Src/sys_app.o
                0x08001c60                UTIL_ADV_TRACE_PostSendHook
 .text.tiny_snprintf_like
                0x08001c70       0x2c ./Core/Src/sys_app.o
 .text.HAL_InitTick
                0x08001c9c       0x14 ./Core/Src/sys_app.o
                0x08001c9c                HAL_InitTick
 .text.HAL_GetTick
                0x08001cb0       0x28 ./Core/Src/sys_app.o
                0x08001cb0                HAL_GetTick
 .text.HAL_Delay
                0x08001cd8       0x18 ./Core/Src/sys_app.o
                0x08001cd8                HAL_Delay
 .text.LL_AHB2_GRP1_EnableClock
                0x08001cf0       0x30 ./Core/Src/sys_debug.o
 .text.DBG_Init
                0x08001d20       0x7c ./Core/Src/sys_debug.o
                0x08001d20                DBG_Init
 .text._getpid  0x08001d9c        0xe ./Core/Src/syscalls.o
                0x08001d9c                _getpid
 .text._kill    0x08001daa       0x20 ./Core/Src/syscalls.o
                0x08001daa                _kill
 .text._exit    0x08001dca       0x16 ./Core/Src/syscalls.o
                0x08001dca                _exit
 .text._read    0x08001de0       0x3a ./Core/Src/syscalls.o
                0x08001de0                _read
 .text._write   0x08001e1a       0x38 ./Core/Src/syscalls.o
                0x08001e1a                _write
 .text._close   0x08001e52       0x16 ./Core/Src/syscalls.o
                0x08001e52                _close
 .text._fstat   0x08001e68       0x1e ./Core/Src/syscalls.o
                0x08001e68                _fstat
 .text._isatty  0x08001e86       0x14 ./Core/Src/syscalls.o
                0x08001e86                _isatty
 .text._lseek   0x08001e9a       0x18 ./Core/Src/syscalls.o
                0x08001e9a                _lseek
 *fill*         0x08001eb2        0x2 
 .text._sbrk    0x08001eb4       0x6c ./Core/Src/sysmem.o
                0x08001eb4                _sbrk
 .text.SystemInit
                0x08001f20        0xc ./Core/Src/system_stm32wlxx.o
                0x08001f20                SystemInit
 .text.LL_RTC_TIME_GetSubSecond
                0x08001f2c       0x16 ./Core/Src/timer_if.o
 *fill*         0x08001f42        0x2 
 .text.TIMER_IF_Init
                0x08001f44       0x64 ./Core/Src/timer_if.o
                0x08001f44                TIMER_IF_Init
 .text.TIMER_IF_StartTimer
                0x08001fa8       0x70 ./Core/Src/timer_if.o
                0x08001fa8                TIMER_IF_StartTimer
 .text.TIMER_IF_StopTimer
                0x08002018       0x34 ./Core/Src/timer_if.o
                0x08002018                TIMER_IF_StopTimer
 .text.TIMER_IF_SetTimerContext
                0x0800204c       0x1c ./Core/Src/timer_if.o
                0x0800204c                TIMER_IF_SetTimerContext
 .text.TIMER_IF_GetTimerContext
                0x08002068       0x14 ./Core/Src/timer_if.o
                0x08002068                TIMER_IF_GetTimerContext
 .text.TIMER_IF_GetTimerElapsedTime
                0x0800207c       0x28 ./Core/Src/timer_if.o
                0x0800207c                TIMER_IF_GetTimerElapsedTime
 .text.TIMER_IF_GetTimerValue
                0x080020a4       0x28 ./Core/Src/timer_if.o
                0x080020a4                TIMER_IF_GetTimerValue
 .text.TIMER_IF_GetMinimumTimeout
                0x080020cc       0x1a ./Core/Src/timer_if.o
                0x080020cc                TIMER_IF_GetMinimumTimeout
 .text.TIMER_IF_Convert_ms2Tick
                0x080020e6       0x3a ./Core/Src/timer_if.o
                0x080020e6                TIMER_IF_Convert_ms2Tick
 .text.TIMER_IF_Convert_Tick2ms
                0x08002120       0x92 ./Core/Src/timer_if.o
                0x08002120                TIMER_IF_Convert_Tick2ms
 .text.TIMER_IF_DelayMs
                0x080021b2       0x34 ./Core/Src/timer_if.o
                0x080021b2                TIMER_IF_DelayMs
 .text.HAL_RTC_AlarmAEventCallback
                0x080021e6       0x14 ./Core/Src/timer_if.o
                0x080021e6                HAL_RTC_AlarmAEventCallback
 .text.HAL_RTCEx_SSRUEventCallback
                0x080021fa       0x20 ./Core/Src/timer_if.o
                0x080021fa                HAL_RTCEx_SSRUEventCallback
 .text.TIMER_IF_GetTime
                0x0800221a       0x8e ./Core/Src/timer_if.o
                0x0800221a                TIMER_IF_GetTime
 .text.TIMER_IF_BkUp_Write_Seconds
                0x080022a8       0x20 ./Core/Src/timer_if.o
                0x080022a8                TIMER_IF_BkUp_Write_Seconds
 .text.TIMER_IF_BkUp_Write_SubSeconds
                0x080022c8       0x20 ./Core/Src/timer_if.o
                0x080022c8                TIMER_IF_BkUp_Write_SubSeconds
 .text.TIMER_IF_BkUp_Read_Seconds
                0x080022e8       0x24 ./Core/Src/timer_if.o
                0x080022e8                TIMER_IF_BkUp_Read_Seconds
 .text.TIMER_IF_BkUp_Read_SubSeconds
                0x0800230c       0x24 ./Core/Src/timer_if.o
                0x0800230c                TIMER_IF_BkUp_Read_SubSeconds
 .text.TIMER_IF_BkUp_Write_MSBticks
                0x08002330       0x20 ./Core/Src/timer_if.o
 .text.TIMER_IF_BkUp_Read_MSBticks
                0x08002350       0x20 ./Core/Src/timer_if.o
 .text.GetTimerTicks
                0x08002370       0x38 ./Core/Src/timer_if.o
 .text.LL_AHB2_GRP1_EnableClock
                0x080023a8       0x30 ./Core/Src/usart.o
 .text.LL_APB1_GRP1_EnableClock
                0x080023d8       0x30 ./Core/Src/usart.o
 .text.LL_APB1_GRP1_DisableClock
                0x08002408       0x24 ./Core/Src/usart.o
 .text.LL_APB2_GRP1_EnableClock
                0x0800242c       0x30 ./Core/Src/usart.o
 .text.LL_APB2_GRP1_DisableClock
                0x0800245c       0x24 ./Core/Src/usart.o
 .text.MX_USART2_UART_Init
                0x08002480       0x98 ./Core/Src/usart.o
                0x08002480                MX_USART2_UART_Init
 .text.HAL_UART_MspInit
                0x08002518      0x168 ./Core/Src/usart.o
                0x08002518                HAL_UART_MspInit
 .text.HAL_UART_MspDeInit
                0x08002680       0x64 ./Core/Src/usart.o
                0x08002680                HAL_UART_MspDeInit
 .text.LL_APB1_GRP1_ForceReset
                0x080026e4       0x22 ./Core/Src/usart_if.o
 .text.LL_APB1_GRP1_ReleaseReset
                0x08002706       0x24 ./Core/Src/usart_if.o
 *fill*         0x0800272a        0x2 
 .text.LL_EXTI_EnableIT_0_31
                0x0800272c       0x28 ./Core/Src/usart_if.o
 .text.vcom_Init
                0x08002754       0x2c ./Core/Src/usart_if.o
                0x08002754                vcom_Init
 .text.vcom_DeInit
                0x08002780       0x2c ./Core/Src/usart_if.o
                0x08002780                vcom_DeInit
 .text.vcom_Trace_DMA
                0x080027ac       0x28 ./Core/Src/usart_if.o
                0x080027ac                vcom_Trace_DMA
 .text.vcom_ReceiveInit
                0x080027d4       0x7c ./Core/Src/usart_if.o
                0x080027d4                vcom_ReceiveInit
 .text.vcom_Resume
                0x08002850       0x30 ./Core/Src/usart_if.o
                0x08002850                vcom_Resume
 .text.HAL_UART_TxCpltCallback
                0x08002880       0x2c ./Core/Src/usart_if.o
                0x08002880                HAL_UART_TxCpltCallback
 .text.HAL_UART_RxCpltCallback
                0x080028ac       0x50 ./Core/Src/usart_if.o
                0x080028ac                HAL_UART_RxCpltCallback
 .text.Reset_Handler
                0x080028fc       0x50 ./Core/Startup/startup_stm32wl55jcix.o
                0x080028fc                Reset_Handler
 .text.Default_Handler
                0x0800294c        0x2 ./Core/Startup/startup_stm32wl55jcix.o
                0x0800294c                DMA2_Channel3_IRQHandler
                0x0800294c                TIM1_CC_IRQHandler
                0x0800294c                EXTI3_IRQHandler
                0x0800294c                LPTIM2_IRQHandler
                0x0800294c                I2C3_ER_IRQHandler
                0x0800294c                LPTIM3_IRQHandler
                0x0800294c                I2C2_EV_IRQHandler
                0x0800294c                SPI1_IRQHandler
                0x0800294c                DMA2_Channel2_IRQHandler
                0x0800294c                DMA1_Channel4_IRQHandler
                0x0800294c                PKA_IRQHandler
                0x0800294c                TIM17_IRQHandler
                0x0800294c                DMA1_Channel7_IRQHandler
                0x0800294c                SUBGHZSPI_IRQHandler
                0x0800294c                IPCC_C1_TX_IRQHandler
                0x0800294c                DMA2_Channel1_IRQHandler
                0x0800294c                I2C1_EV_IRQHandler
                0x0800294c                DMAMUX1_OVR_IRQHandler
                0x0800294c                DMA1_Channel6_IRQHandler
                0x0800294c                TIM16_IRQHandler
                0x0800294c                DMA2_Channel4_IRQHandler
                0x0800294c                RCC_IRQHandler
                0x0800294c                TIM1_TRG_COM_IRQHandler
                0x0800294c                DMA1_Channel1_IRQHandler
                0x0800294c                Default_Handler
                0x0800294c                DMA2_Channel7_IRQHandler
                0x0800294c                EXTI15_10_IRQHandler
                0x0800294c                IPCC_C1_RX_IRQHandler
                0x0800294c                ADC_IRQHandler
                0x0800294c                C2SEV_PWR_C2H_IRQHandler
                0x0800294c                I2C3_EV_IRQHandler
                0x0800294c                RTC_WKUP_IRQHandler
                0x0800294c                PVD_PVM_IRQHandler
                0x0800294c                SPI2_IRQHandler
                0x0800294c                DMA2_Channel5_IRQHandler
                0x0800294c                EXTI4_IRQHandler
                0x0800294c                RNG_IRQHandler
                0x0800294c                DMA1_Channel3_IRQHandler
                0x0800294c                COMP_IRQHandler
                0x0800294c                HSEM_IRQHandler
                0x0800294c                TIM1_UP_IRQHandler
                0x0800294c                WWDG_IRQHandler
                0x0800294c                LPUART1_IRQHandler
                0x0800294c                DMA2_Channel6_IRQHandler
                0x0800294c                TIM2_IRQHandler
                0x0800294c                TIM1_BRK_IRQHandler
                0x0800294c                DAC_IRQHandler
                0x0800294c                AES_IRQHandler
                0x0800294c                I2C2_ER_IRQHandler
                0x0800294c                DMA1_Channel2_IRQHandler
                0x0800294c                FLASH_IRQHandler
                0x0800294c                USART1_IRQHandler
                0x0800294c                I2C1_ER_IRQHandler
                0x0800294c                LPTIM1_IRQHandler
                0x0800294c                EXTI2_IRQHandler
 .text.LL_AHB2_GRP1_EnableClock
                0x0800294e       0x30 ./Drivers/BSP/STM32WLxx_Nucleo/stm32wlxx_nucleo_radio.o
 *fill*         0x0800297e        0x2 
 .text.BSP_RADIO_Init
                0x08002980       0x7c ./Drivers/BSP/STM32WLxx_Nucleo/stm32wlxx_nucleo_radio.o
                0x08002980                BSP_RADIO_Init
 .text.BSP_RADIO_ConfigRFSwitch
                0x080029fc       0xb8 ./Drivers/BSP/STM32WLxx_Nucleo/stm32wlxx_nucleo_radio.o
                0x080029fc                BSP_RADIO_ConfigRFSwitch
 .text.BSP_RADIO_GetTxConfig
                0x08002ab4        0xe ./Drivers/BSP/STM32WLxx_Nucleo/stm32wlxx_nucleo_radio.o
                0x08002ab4                BSP_RADIO_GetTxConfig
 .text.BSP_RADIO_IsTCXO
                0x08002ac2        0xe ./Drivers/BSP/STM32WLxx_Nucleo/stm32wlxx_nucleo_radio.o
                0x08002ac2                BSP_RADIO_IsTCXO
 .text.BSP_RADIO_IsDCDC
                0x08002ad0        0xe ./Drivers/BSP/STM32WLxx_Nucleo/stm32wlxx_nucleo_radio.o
                0x08002ad0                BSP_RADIO_IsDCDC
 .text.BSP_RADIO_GetRFOMaxPowerConfig
                0x08002ade       0x26 ./Drivers/BSP/STM32WLxx_Nucleo/stm32wlxx_nucleo_radio.o
                0x08002ade                BSP_RADIO_GetRFOMaxPowerConfig
 .text.LL_DBGMCU_DisableDBGSleepMode
                0x08002b04       0x1c ./Drivers/STM32WLxx_HAL_Driver/Src/stm32wlxx_hal.o
 .text.LL_DBGMCU_DisableDBGStopMode
                0x08002b20       0x1c ./Drivers/STM32WLxx_HAL_Driver/Src/stm32wlxx_hal.o
 .text.LL_DBGMCU_DisableDBGStandbyMode
                0x08002b3c       0x1c ./Drivers/STM32WLxx_HAL_Driver/Src/stm32wlxx_hal.o
 .text.HAL_Init
                0x08002b58       0x40 ./Drivers/STM32WLxx_HAL_Driver/Src/stm32wlxx_hal.o
                0x08002b58                HAL_Init
 .text.HAL_SuspendTick
                0x08002b98       0x1c ./Drivers/STM32WLxx_HAL_Driver/Src/stm32wlxx_hal.o
                0x08002b98                HAL_SuspendTick
 .text.HAL_ResumeTick
                0x08002bb4       0x1c ./Drivers/STM32WLxx_HAL_Driver/Src/stm32wlxx_hal.o
                0x08002bb4                HAL_ResumeTick
 .text.HAL_DBGMCU_DisableDBGSleepMode
                0x08002bd0        0xc ./Drivers/STM32WLxx_HAL_Driver/Src/stm32wlxx_hal.o
                0x08002bd0                HAL_DBGMCU_DisableDBGSleepMode
 .text.HAL_DBGMCU_DisableDBGStopMode
                0x08002bdc        0xc ./Drivers/STM32WLxx_HAL_Driver/Src/stm32wlxx_hal.o
                0x08002bdc                HAL_DBGMCU_DisableDBGStopMode
 .text.HAL_DBGMCU_DisableDBGStandbyMode
                0x08002be8        0xc ./Drivers/STM32WLxx_HAL_Driver/Src/stm32wlxx_hal.o
                0x08002be8                HAL_DBGMCU_DisableDBGStandbyMode
 .text.__NVIC_SetPriorityGrouping
                0x08002bf4       0x48 ./Drivers/STM32WLxx_HAL_Driver/Src/stm32wlxx_hal_cortex.o
 .text.__NVIC_GetPriorityGrouping
                0x08002c3c       0x1c ./Drivers/STM32WLxx_HAL_Driver/Src/stm32wlxx_hal_cortex.o
 .text.__NVIC_EnableIRQ
                0x08002c58       0x38 ./Drivers/STM32WLxx_HAL_Driver/Src/stm32wlxx_hal_cortex.o
 .text.__NVIC_DisableIRQ
                0x08002c90       0x48 ./Drivers/STM32WLxx_HAL_Driver/Src/stm32wlxx_hal_cortex.o
 .text.__NVIC_SetPriority
                0x08002cd8       0x54 ./Drivers/STM32WLxx_HAL_Driver/Src/stm32wlxx_hal_cortex.o
 .text.NVIC_EncodePriority
                0x08002d2c       0x64 ./Drivers/STM32WLxx_HAL_Driver/Src/stm32wlxx_hal_cortex.o
 .text.HAL_NVIC_SetPriorityGrouping
                0x08002d90       0x16 ./Drivers/STM32WLxx_HAL_Driver/Src/stm32wlxx_hal_cortex.o
                0x08002d90                HAL_NVIC_SetPriorityGrouping
 .text.HAL_NVIC_SetPriority
                0x08002da6       0x34 ./Drivers/STM32WLxx_HAL_Driver/Src/stm32wlxx_hal_cortex.o
                0x08002da6                HAL_NVIC_SetPriority
 .text.HAL_NVIC_EnableIRQ
                0x08002dda       0x1c ./Drivers/STM32WLxx_HAL_Driver/Src/stm32wlxx_hal_cortex.o
                0x08002dda                HAL_NVIC_EnableIRQ
 .text.HAL_NVIC_DisableIRQ
                0x08002df6       0x1c ./Drivers/STM32WLxx_HAL_Driver/Src/stm32wlxx_hal_cortex.o
                0x08002df6                HAL_NVIC_DisableIRQ
 *fill*         0x08002e12        0x2 
 .text.HAL_DMA_Init
                0x08002e14      0x150 ./Drivers/STM32WLxx_HAL_Driver/Src/stm32wlxx_hal_dma.o
                0x08002e14                HAL_DMA_Init
 .text.HAL_DMA_DeInit
                0x08002f64      0x12c ./Drivers/STM32WLxx_HAL_Driver/Src/stm32wlxx_hal_dma.o
                0x08002f64                HAL_DMA_DeInit
 .text.HAL_DMA_Start_IT
                0x08003090       0xfc ./Drivers/STM32WLxx_HAL_Driver/Src/stm32wlxx_hal_dma.o
                0x08003090                HAL_DMA_Start_IT
 .text.HAL_DMA_Abort
                0x0800318c       0xbc ./Drivers/STM32WLxx_HAL_Driver/Src/stm32wlxx_hal_dma.o
                0x0800318c                HAL_DMA_Abort
 .text.HAL_DMA_Abort_IT
                0x08003248       0xbe ./Drivers/STM32WLxx_HAL_Driver/Src/stm32wlxx_hal_dma.o
                0x08003248                HAL_DMA_Abort_IT
 *fill*         0x08003306        0x2 
 .text.HAL_DMA_IRQHandler
                0x08003308      0x18c ./Drivers/STM32WLxx_HAL_Driver/Src/stm32wlxx_hal_dma.o
                0x08003308                HAL_DMA_IRQHandler
 .text.HAL_DMA_ConfigChannelAttributes
                0x08003494       0x5e ./Drivers/STM32WLxx_HAL_Driver/Src/stm32wlxx_hal_dma.o
                0x08003494                HAL_DMA_ConfigChannelAttributes
 .text.DMA_SetConfig
                0x080034f2       0x7a ./Drivers/STM32WLxx_HAL_Driver/Src/stm32wlxx_hal_dma.o
 .text.DMA_CalcDMAMUXChannelBaseAndMask
                0x0800356c       0x90 ./Drivers/STM32WLxx_HAL_Driver/Src/stm32wlxx_hal_dma.o
 .text.DMA_CalcDMAMUXRequestGenBaseAndMask
                0x080035fc       0x48 ./Drivers/STM32WLxx_HAL_Driver/Src/stm32wlxx_hal_dma.o
 .text.HAL_GPIO_Init
                0x08003644      0x2c0 ./Drivers/STM32WLxx_HAL_Driver/Src/stm32wlxx_hal_gpio.o
                0x08003644                HAL_GPIO_Init
 .text.HAL_GPIO_DeInit
                0x08003904      0x19c ./Drivers/STM32WLxx_HAL_Driver/Src/stm32wlxx_hal_gpio.o
                0x08003904                HAL_GPIO_DeInit
 .text.HAL_GPIO_WritePin
                0x08003aa0       0x2e ./Drivers/STM32WLxx_HAL_Driver/Src/stm32wlxx_hal_gpio.o
                0x08003aa0                HAL_GPIO_WritePin
 *fill*         0x08003ace        0x2 
 .text.HAL_GPIO_EXTI_IRQHandler
                0x08003ad0       0x30 ./Drivers/STM32WLxx_HAL_Driver/Src/stm32wlxx_hal_gpio.o
                0x08003ad0                HAL_GPIO_EXTI_IRQHandler
 .text.HAL_GPIO_EXTI_Callback
                0x08003b00       0x14 ./Drivers/STM32WLxx_HAL_Driver/Src/stm32wlxx_hal_gpio.o
                0x08003b00                HAL_GPIO_EXTI_Callback
 .text.HAL_PWR_EnableBkUpAccess
                0x08003b14       0x1c ./Drivers/STM32WLxx_HAL_Driver/Src/stm32wlxx_hal_pwr.o
                0x08003b14                HAL_PWR_EnableBkUpAccess
 .text.HAL_PWR_EnterSLEEPMode
                0x08003b30       0x68 ./Drivers/STM32WLxx_HAL_Driver/Src/stm32wlxx_hal_pwr.o
                0x08003b30                HAL_PWR_EnterSLEEPMode
 .text.HAL_PWREx_GetVoltageRange
                0x08003b98       0x18 ./Drivers/STM32WLxx_HAL_Driver/Src/stm32wlxx_hal_pwr_ex.o
                0x08003b98                HAL_PWREx_GetVoltageRange
 .text.HAL_PWREx_EnableLowPowerRunMode
                0x08003bb0       0x1c ./Drivers/STM32WLxx_HAL_Driver/Src/stm32wlxx_hal_pwr_ex.o
                0x08003bb0                HAL_PWREx_EnableLowPowerRunMode
 .text.HAL_PWREx_DisableLowPowerRunMode
                0x08003bcc       0x6c ./Drivers/STM32WLxx_HAL_Driver/Src/stm32wlxx_hal_pwr_ex.o
                0x08003bcc                HAL_PWREx_DisableLowPowerRunMode
 .text.HAL_PWREx_EnterSTOP2Mode
                0x08003c38       0x54 ./Drivers/STM32WLxx_HAL_Driver/Src/stm32wlxx_hal_pwr_ex.o
                0x08003c38                HAL_PWREx_EnterSTOP2Mode
 .text.LL_PWR_IsEnabledBkUpAccess
                0x08003c8c       0x24 ./Drivers/STM32WLxx_HAL_Driver/Src/stm32wlxx_hal_rcc.o
 .text.LL_RCC_HSE_EnableTcxo
                0x08003cb0       0x1c ./Drivers/STM32WLxx_HAL_Driver/Src/stm32wlxx_hal_rcc.o
 .text.LL_RCC_HSE_DisableTcxo
                0x08003ccc       0x1c ./Drivers/STM32WLxx_HAL_Driver/Src/stm32wlxx_hal_rcc.o
 .text.LL_RCC_HSE_IsEnabledDiv2
                0x08003ce8       0x22 ./Drivers/STM32WLxx_HAL_Driver/Src/stm32wlxx_hal_rcc.o
 .text.LL_RCC_HSE_Enable
                0x08003d0a       0x1c ./Drivers/STM32WLxx_HAL_Driver/Src/stm32wlxx_hal_rcc.o
 .text.LL_RCC_HSE_Disable
                0x08003d26       0x1c ./Drivers/STM32WLxx_HAL_Driver/Src/stm32wlxx_hal_rcc.o
 .text.LL_RCC_HSE_IsReady
                0x08003d42       0x22 ./Drivers/STM32WLxx_HAL_Driver/Src/stm32wlxx_hal_rcc.o
 .text.LL_RCC_HSI_Enable
                0x08003d64       0x1c ./Drivers/STM32WLxx_HAL_Driver/Src/stm32wlxx_hal_rcc.o
 .text.LL_RCC_HSI_Disable
                0x08003d80       0x1c ./Drivers/STM32WLxx_HAL_Driver/Src/stm32wlxx_hal_rcc.o
 .text.LL_RCC_HSI_IsReady
                0x08003d9c       0x22 ./Drivers/STM32WLxx_HAL_Driver/Src/stm32wlxx_hal_rcc.o
 .text.LL_RCC_HSI_SetCalibTrimming
                0x08003dbe       0x28 ./Drivers/STM32WLxx_HAL_Driver/Src/stm32wlxx_hal_rcc.o
 .text.LL_RCC_LSE_IsReady
                0x08003de6       0x22 ./Drivers/STM32WLxx_HAL_Driver/Src/stm32wlxx_hal_rcc.o
 .text.LL_RCC_LSI_Enable
                0x08003e08       0x20 ./Drivers/STM32WLxx_HAL_Driver/Src/stm32wlxx_hal_rcc.o
 .text.LL_RCC_LSI_Disable
                0x08003e28       0x20 ./Drivers/STM32WLxx_HAL_Driver/Src/stm32wlxx_hal_rcc.o
 .text.LL_RCC_LSI_IsReady
                0x08003e48       0x22 ./Drivers/STM32WLxx_HAL_Driver/Src/stm32wlxx_hal_rcc.o
 .text.LL_RCC_MSI_Enable
                0x08003e6a       0x1c ./Drivers/STM32WLxx_HAL_Driver/Src/stm32wlxx_hal_rcc.o
 .text.LL_RCC_MSI_Disable
                0x08003e86       0x1c ./Drivers/STM32WLxx_HAL_Driver/Src/stm32wlxx_hal_rcc.o
 .text.LL_RCC_MSI_IsReady
                0x08003ea2       0x20 ./Drivers/STM32WLxx_HAL_Driver/Src/stm32wlxx_hal_rcc.o
 .text.LL_RCC_MSI_IsEnabledRangeSelect
                0x08003ec2       0x20 ./Drivers/STM32WLxx_HAL_Driver/Src/stm32wlxx_hal_rcc.o
 .text.LL_RCC_MSI_GetRange
                0x08003ee2       0x16 ./Drivers/STM32WLxx_HAL_Driver/Src/stm32wlxx_hal_rcc.o
 .text.LL_RCC_MSI_GetRangeAfterStandby
                0x08003ef8       0x18 ./Drivers/STM32WLxx_HAL_Driver/Src/stm32wlxx_hal_rcc.o
 .text.LL_RCC_MSI_SetCalibTrimming
                0x08003f10       0x28 ./Drivers/STM32WLxx_HAL_Driver/Src/stm32wlxx_hal_rcc.o
 .text.LL_RCC_SetSysClkSource
                0x08003f38       0x26 ./Drivers/STM32WLxx_HAL_Driver/Src/stm32wlxx_hal_rcc.o
 .text.LL_RCC_GetSysClkSource
                0x08003f5e       0x16 ./Drivers/STM32WLxx_HAL_Driver/Src/stm32wlxx_hal_rcc.o
 .text.LL_RCC_SetAHBPrescaler
                0x08003f74       0x26 ./Drivers/STM32WLxx_HAL_Driver/Src/stm32wlxx_hal_rcc.o
 .text.LL_C2_RCC_SetAHBPrescaler
                0x08003f9a       0x2a ./Drivers/STM32WLxx_HAL_Driver/Src/stm32wlxx_hal_rcc.o
 .text.LL_RCC_SetAHB3Prescaler
                0x08003fc4       0x2c ./Drivers/STM32WLxx_HAL_Driver/Src/stm32wlxx_hal_rcc.o
 .text.LL_RCC_SetAPB1Prescaler
                0x08003ff0       0x26 ./Drivers/STM32WLxx_HAL_Driver/Src/stm32wlxx_hal_rcc.o
 .text.LL_RCC_SetAPB2Prescaler
                0x08004016       0x26 ./Drivers/STM32WLxx_HAL_Driver/Src/stm32wlxx_hal_rcc.o
 .text.LL_RCC_GetAHBPrescaler
                0x0800403c       0x16 ./Drivers/STM32WLxx_HAL_Driver/Src/stm32wlxx_hal_rcc.o
 .text.LL_RCC_GetAHB3Prescaler
                0x08004052       0x1a ./Drivers/STM32WLxx_HAL_Driver/Src/stm32wlxx_hal_rcc.o
 .text.LL_RCC_GetAPB1Prescaler
                0x0800406c       0x16 ./Drivers/STM32WLxx_HAL_Driver/Src/stm32wlxx_hal_rcc.o
 .text.LL_RCC_GetAPB2Prescaler
                0x08004082       0x16 ./Drivers/STM32WLxx_HAL_Driver/Src/stm32wlxx_hal_rcc.o
 .text.LL_RCC_PLL_Enable
                0x08004098       0x1c ./Drivers/STM32WLxx_HAL_Driver/Src/stm32wlxx_hal_rcc.o
 .text.LL_RCC_PLL_Disable
                0x080040b4       0x1c ./Drivers/STM32WLxx_HAL_Driver/Src/stm32wlxx_hal_rcc.o
 .text.LL_RCC_PLL_IsReady
                0x080040d0       0x22 ./Drivers/STM32WLxx_HAL_Driver/Src/stm32wlxx_hal_rcc.o
 .text.LL_RCC_PLL_GetN
                0x080040f2       0x18 ./Drivers/STM32WLxx_HAL_Driver/Src/stm32wlxx_hal_rcc.o
 .text.LL_RCC_PLL_GetR
                0x0800410a       0x16 ./Drivers/STM32WLxx_HAL_Driver/Src/stm32wlxx_hal_rcc.o
 .text.LL_RCC_PLL_GetDivider
                0x08004120       0x16 ./Drivers/STM32WLxx_HAL_Driver/Src/stm32wlxx_hal_rcc.o
 .text.LL_RCC_PLL_GetMainSource
                0x08004136       0x16 ./Drivers/STM32WLxx_HAL_Driver/Src/stm32wlxx_hal_rcc.o
 .text.LL_RCC_IsActiveFlag_HPRE
                0x0800414c       0x22 ./Drivers/STM32WLxx_HAL_Driver/Src/stm32wlxx_hal_rcc.o
 .text.LL_RCC_IsActiveFlag_C2HPRE
                0x0800416e       0x24 ./Drivers/STM32WLxx_HAL_Driver/Src/stm32wlxx_hal_rcc.o
 .text.LL_RCC_IsActiveFlag_SHDHPRE
                0x08004192       0x24 ./Drivers/STM32WLxx_HAL_Driver/Src/stm32wlxx_hal_rcc.o
 .text.LL_RCC_IsActiveFlag_PPRE1
                0x080041b6       0x22 ./Drivers/STM32WLxx_HAL_Driver/Src/stm32wlxx_hal_rcc.o
 .text.LL_RCC_IsActiveFlag_PPRE2
                0x080041d8       0x22 ./Drivers/STM32WLxx_HAL_Driver/Src/stm32wlxx_hal_rcc.o
 *fill*         0x080041fa        0x2 
 .text.HAL_RCC_OscConfig
                0x080041fc      0x704 ./Drivers/STM32WLxx_HAL_Driver/Src/stm32wlxx_hal_rcc.o
                0x080041fc                HAL_RCC_OscConfig
 .text.HAL_RCC_ClockConfig
                0x08004900      0x284 ./Drivers/STM32WLxx_HAL_Driver/Src/stm32wlxx_hal_rcc.o
                0x08004900                HAL_RCC_ClockConfig
 .text.HAL_RCC_GetSysClockFreq
                0x08004b84      0x140 ./Drivers/STM32WLxx_HAL_Driver/Src/stm32wlxx_hal_rcc.o
                0x08004b84                HAL_RCC_GetSysClockFreq
 .text.HAL_RCC_GetHCLKFreq
                0x08004cc4       0x28 ./Drivers/STM32WLxx_HAL_Driver/Src/stm32wlxx_hal_rcc.o
                0x08004cc4                HAL_RCC_GetHCLKFreq
 .text.HAL_RCC_GetPCLK1Freq
                0x08004cec       0x24 ./Drivers/STM32WLxx_HAL_Driver/Src/stm32wlxx_hal_rcc.o
                0x08004cec                HAL_RCC_GetPCLK1Freq
 .text.HAL_RCC_GetPCLK2Freq
                0x08004d10       0x24 ./Drivers/STM32WLxx_HAL_Driver/Src/stm32wlxx_hal_rcc.o
                0x08004d10                HAL_RCC_GetPCLK2Freq
 .text.RCC_SetFlashLatencyFromMSIRange
                0x08004d34       0x60 ./Drivers/STM32WLxx_HAL_Driver/Src/stm32wlxx_hal_rcc.o
 .text.RCC_SetFlashLatency
                0x08004d94      0x104 ./Drivers/STM32WLxx_HAL_Driver/Src/stm32wlxx_hal_rcc.o
 .text.LL_RCC_LSE_IsReady
                0x08004e98       0x22 ./Drivers/STM32WLxx_HAL_Driver/Src/stm32wlxx_hal_rcc_ex.o
 .text.LL_RCC_SetUSARTClockSource
                0x08004eba       0x30 ./Drivers/STM32WLxx_HAL_Driver/Src/stm32wlxx_hal_rcc_ex.o
 .text.LL_RCC_SetI2SClockSource
                0x08004eea       0x2a ./Drivers/STM32WLxx_HAL_Driver/Src/stm32wlxx_hal_rcc_ex.o
 .text.LL_RCC_SetLPUARTClockSource
                0x08004f14       0x2a ./Drivers/STM32WLxx_HAL_Driver/Src/stm32wlxx_hal_rcc_ex.o
 .text.LL_RCC_SetI2CClockSource
                0x08004f3e       0x38 ./Drivers/STM32WLxx_HAL_Driver/Src/stm32wlxx_hal_rcc_ex.o
 .text.LL_RCC_SetLPTIMClockSource
                0x08004f76       0x32 ./Drivers/STM32WLxx_HAL_Driver/Src/stm32wlxx_hal_rcc_ex.o
 .text.LL_RCC_SetRNGClockSource
                0x08004fa8       0x2a ./Drivers/STM32WLxx_HAL_Driver/Src/stm32wlxx_hal_rcc_ex.o
 .text.LL_RCC_SetADCClockSource
                0x08004fd2       0x2a ./Drivers/STM32WLxx_HAL_Driver/Src/stm32wlxx_hal_rcc_ex.o
 .text.LL_RCC_SetRTCClockSource
                0x08004ffc       0x2a ./Drivers/STM32WLxx_HAL_Driver/Src/stm32wlxx_hal_rcc_ex.o
 .text.LL_RCC_GetRTCClockSource
                0x08005026       0x18 ./Drivers/STM32WLxx_HAL_Driver/Src/stm32wlxx_hal_rcc_ex.o
 .text.LL_RCC_ForceBackupDomainReset
                0x0800503e       0x20 ./Drivers/STM32WLxx_HAL_Driver/Src/stm32wlxx_hal_rcc_ex.o
 .text.LL_RCC_ReleaseBackupDomainReset
                0x0800505e       0x20 ./Drivers/STM32WLxx_HAL_Driver/Src/stm32wlxx_hal_rcc_ex.o
 *fill*         0x0800507e        0x2 
 .text.HAL_RCCEx_PeriphCLKConfig
                0x08005080      0x234 ./Drivers/STM32WLxx_HAL_Driver/Src/stm32wlxx_hal_rcc_ex.o
                0x08005080                HAL_RCCEx_PeriphCLKConfig
 .text.HAL_RTC_Init
                0x080052b4      0x104 ./Drivers/STM32WLxx_HAL_Driver/Src/stm32wlxx_hal_rtc.o
                0x080052b4                HAL_RTC_Init
 .text.HAL_RTC_SetAlarm_IT
                0x080053b8      0x218 ./Drivers/STM32WLxx_HAL_Driver/Src/stm32wlxx_hal_rtc.o
                0x080053b8                HAL_RTC_SetAlarm_IT
 .text.HAL_RTC_DeactivateAlarm
                0x080055d0       0xb8 ./Drivers/STM32WLxx_HAL_Driver/Src/stm32wlxx_hal_rtc.o
                0x080055d0                HAL_RTC_DeactivateAlarm
 .text.HAL_RTC_AlarmIRQHandler
                0x08005688       0x54 ./Drivers/STM32WLxx_HAL_Driver/Src/stm32wlxx_hal_rtc.o
                0x08005688                HAL_RTC_AlarmIRQHandler
 .text.HAL_RTC_WaitForSynchro
                0x080056dc       0x4c ./Drivers/STM32WLxx_HAL_Driver/Src/stm32wlxx_hal_rtc.o
                0x080056dc                HAL_RTC_WaitForSynchro
 .text.RTC_EnterInitMode
                0x08005728       0x68 ./Drivers/STM32WLxx_HAL_Driver/Src/stm32wlxx_hal_rtc.o
                0x08005728                RTC_EnterInitMode
 .text.RTC_ExitInitMode
                0x08005790       0x7c ./Drivers/STM32WLxx_HAL_Driver/Src/stm32wlxx_hal_rtc.o
                0x08005790                RTC_ExitInitMode
 .text.RTC_ByteToBcd2
                0x0800580c       0x3e ./Drivers/STM32WLxx_HAL_Driver/Src/stm32wlxx_hal_rtc.o
                0x0800580c                RTC_ByteToBcd2
 *fill*         0x0800584a        0x2 
 .text.HAL_RTCEx_EnableBypassShadow
                0x0800584c       0x64 ./Drivers/STM32WLxx_HAL_Driver/Src/stm32wlxx_hal_rtc_ex.o
                0x0800584c                HAL_RTCEx_EnableBypassShadow
 .text.HAL_RTCEx_SetSSRU_IT
                0x080058b0       0x78 ./Drivers/STM32WLxx_HAL_Driver/Src/stm32wlxx_hal_rtc_ex.o
                0x080058b0                HAL_RTCEx_SetSSRU_IT
 .text.HAL_RTCEx_SSRUIRQHandler
                0x08005928       0x34 ./Drivers/STM32WLxx_HAL_Driver/Src/stm32wlxx_hal_rtc_ex.o
                0x08005928                HAL_RTCEx_SSRUIRQHandler
 .text.HAL_RTCEx_AlarmBEventCallback
                0x0800595c       0x12 ./Drivers/STM32WLxx_HAL_Driver/Src/stm32wlxx_hal_rtc_ex.o
                0x0800595c                HAL_RTCEx_AlarmBEventCallback
 *fill*         0x0800596e        0x2 
 .text.HAL_RTCEx_BKUPWrite
                0x08005970       0x30 ./Drivers/STM32WLxx_HAL_Driver/Src/stm32wlxx_hal_rtc_ex.o
                0x08005970                HAL_RTCEx_BKUPWrite
 .text.HAL_RTCEx_BKUPRead
                0x080059a0       0x2c ./Drivers/STM32WLxx_HAL_Driver/Src/stm32wlxx_hal_rtc_ex.o
                0x080059a0                HAL_RTCEx_BKUPRead
 .text.LL_PWR_SetRadioBusyTrigger
                0x080059cc       0x28 ./Drivers/STM32WLxx_HAL_Driver/Src/stm32wlxx_hal_subghz.o
 .text.LL_PWR_UnselectSUBGHZSPI_NSS
                0x080059f4       0x20 ./Drivers/STM32WLxx_HAL_Driver/Src/stm32wlxx_hal_subghz.o
 .text.LL_PWR_SelectSUBGHZSPI_NSS
                0x08005a14       0x20 ./Drivers/STM32WLxx_HAL_Driver/Src/stm32wlxx_hal_subghz.o
 .text.LL_PWR_ClearFlag_RFBUSY
                0x08005a34       0x18 ./Drivers/STM32WLxx_HAL_Driver/Src/stm32wlxx_hal_subghz.o
 .text.LL_PWR_IsActiveFlag_RFBUSYS
                0x08005a4c       0x24 ./Drivers/STM32WLxx_HAL_Driver/Src/stm32wlxx_hal_subghz.o
 .text.LL_PWR_IsActiveFlag_RFBUSYMS
                0x08005a70       0x24 ./Drivers/STM32WLxx_HAL_Driver/Src/stm32wlxx_hal_subghz.o
 .text.LL_RCC_RF_DisableReset
                0x08005a94       0x20 ./Drivers/STM32WLxx_HAL_Driver/Src/stm32wlxx_hal_subghz.o
 .text.LL_RCC_IsRFUnderReset
                0x08005ab4       0x24 ./Drivers/STM32WLxx_HAL_Driver/Src/stm32wlxx_hal_subghz.o
 .text.LL_EXTI_EnableIT_32_63
                0x08005ad8       0x28 ./Drivers/STM32WLxx_HAL_Driver/Src/stm32wlxx_hal_subghz.o
 .text.HAL_SUBGHZ_Init
                0x08005b00       0xc8 ./Drivers/STM32WLxx_HAL_Driver/Src/stm32wlxx_hal_subghz.o
                0x08005b00                HAL_SUBGHZ_Init
 .text.HAL_SUBGHZ_WriteRegisters
                0x08005bc8       0xbe ./Drivers/STM32WLxx_HAL_Driver/Src/stm32wlxx_hal_subghz.o
                0x08005bc8                HAL_SUBGHZ_WriteRegisters
 .text.HAL_SUBGHZ_ReadRegisters
                0x08005c86       0xc2 ./Drivers/STM32WLxx_HAL_Driver/Src/stm32wlxx_hal_subghz.o
                0x08005c86                HAL_SUBGHZ_ReadRegisters
 .text.HAL_SUBGHZ_ExecSetCmd
                0x08005d48       0xbe ./Drivers/STM32WLxx_HAL_Driver/Src/stm32wlxx_hal_subghz.o
                0x08005d48                HAL_SUBGHZ_ExecSetCmd
 .text.HAL_SUBGHZ_ExecGetCmd
                0x08005e06       0xa8 ./Drivers/STM32WLxx_HAL_Driver/Src/stm32wlxx_hal_subghz.o
                0x08005e06                HAL_SUBGHZ_ExecGetCmd
 .text.HAL_SUBGHZ_WriteBuffer
                0x08005eae       0xa6 ./Drivers/STM32WLxx_HAL_Driver/Src/stm32wlxx_hal_subghz.o
                0x08005eae                HAL_SUBGHZ_WriteBuffer
 .text.HAL_SUBGHZ_ReadBuffer
                0x08005f54       0xb0 ./Drivers/STM32WLxx_HAL_Driver/Src/stm32wlxx_hal_subghz.o
                0x08005f54                HAL_SUBGHZ_ReadBuffer
 .text.HAL_SUBGHZ_IRQHandler
                0x08006004       0xfa ./Drivers/STM32WLxx_HAL_Driver/Src/stm32wlxx_hal_subghz.o
                0x08006004                HAL_SUBGHZ_IRQHandler
 *fill*         0x080060fe        0x2 
 .text.SUBGHZSPI_Init
                0x08006100       0x40 ./Drivers/STM32WLxx_HAL_Driver/Src/stm32wlxx_hal_subghz.o
                0x08006100                SUBGHZSPI_Init
 .text.SUBGHZSPI_Transmit
                0x08006140       0xac ./Drivers/STM32WLxx_HAL_Driver/Src/stm32wlxx_hal_subghz.o
                0x08006140                SUBGHZSPI_Transmit
 .text.SUBGHZSPI_Receive
                0x080061ec       0xb0 ./Drivers/STM32WLxx_HAL_Driver/Src/stm32wlxx_hal_subghz.o
                0x080061ec                SUBGHZSPI_Receive
 .text.SUBGHZ_CheckDeviceReady
                0x0800629c       0x48 ./Drivers/STM32WLxx_HAL_Driver/Src/stm32wlxx_hal_subghz.o
                0x0800629c                SUBGHZ_CheckDeviceReady
 .text.SUBGHZ_WaitOnBusy
                0x080062e4       0x5c ./Drivers/STM32WLxx_HAL_Driver/Src/stm32wlxx_hal_subghz.o
                0x080062e4                SUBGHZ_WaitOnBusy
 .text.LL_RCC_GetUSARTClockSource
                0x08006340       0x24 ./Drivers/STM32WLxx_HAL_Driver/Src/stm32wlxx_hal_uart.o
 .text.LL_RCC_GetLPUARTClockSource
                0x08006364       0x1e ./Drivers/STM32WLxx_HAL_Driver/Src/stm32wlxx_hal_uart.o
 .text.HAL_UART_Init
                0x08006382       0xa0 ./Drivers/STM32WLxx_HAL_Driver/Src/stm32wlxx_hal_uart.o
                0x08006382                HAL_UART_Init
 *fill*         0x08006422        0x2 
 .text.HAL_UART_Receive_IT
                0x08006424       0x98 ./Drivers/STM32WLxx_HAL_Driver/Src/stm32wlxx_hal_uart.o
                0x08006424                HAL_UART_Receive_IT
 .text.HAL_UART_Transmit_DMA
                0x080064bc      0x100 ./Drivers/STM32WLxx_HAL_Driver/Src/stm32wlxx_hal_uart.o
                0x080064bc                HAL_UART_Transmit_DMA
 .text.HAL_UART_IRQHandler
                0x080065bc      0x648 ./Drivers/STM32WLxx_HAL_Driver/Src/stm32wlxx_hal_uart.o
                0x080065bc                HAL_UART_IRQHandler
 .text.HAL_UART_TxHalfCpltCallback
                0x08006c04       0x12 ./Drivers/STM32WLxx_HAL_Driver/Src/stm32wlxx_hal_uart.o
                0x08006c04                HAL_UART_TxHalfCpltCallback
 .text.HAL_UART_ErrorCallback
                0x08006c16       0x12 ./Drivers/STM32WLxx_HAL_Driver/Src/stm32wlxx_hal_uart.o
                0x08006c16                HAL_UART_ErrorCallback
 .text.HAL_UARTEx_RxEventCallback
                0x08006c28       0x16 ./Drivers/STM32WLxx_HAL_Driver/Src/stm32wlxx_hal_uart.o
                0x08006c28                HAL_UARTEx_RxEventCallback
 *fill*         0x08006c3e        0x2 
 .text.UART_SetConfig
                0x08006c40      0x4e8 ./Drivers/STM32WLxx_HAL_Driver/Src/stm32wlxx_hal_uart.o
                0x08006c40                UART_SetConfig
 .text.UART_AdvFeatureConfig
                0x08007128      0x142 ./Drivers/STM32WLxx_HAL_Driver/Src/stm32wlxx_hal_uart.o
                0x08007128                UART_AdvFeatureConfig
 .text.UART_CheckIdleState
                0x0800726a       0x9c ./Drivers/STM32WLxx_HAL_Driver/Src/stm32wlxx_hal_uart.o
                0x0800726a                UART_CheckIdleState
 .text.UART_WaitOnFlagUntilTimeout
                0x08007306      0x190 ./Drivers/STM32WLxx_HAL_Driver/Src/stm32wlxx_hal_uart.o
                0x08007306                UART_WaitOnFlagUntilTimeout
 *fill*         0x08007496        0x2 
 .text.UART_Start_Receive_IT
                0x08007498      0x240 ./Drivers/STM32WLxx_HAL_Driver/Src/stm32wlxx_hal_uart.o
                0x08007498                UART_Start_Receive_IT
 .text.UART_EndTxTransfer
                0x080076d8       0x80 ./Drivers/STM32WLxx_HAL_Driver/Src/stm32wlxx_hal_uart.o
 .text.UART_EndRxTransfer
                0x08007758       0xca ./Drivers/STM32WLxx_HAL_Driver/Src/stm32wlxx_hal_uart.o
 .text.UART_DMATransmitCplt
                0x08007822       0x9a ./Drivers/STM32WLxx_HAL_Driver/Src/stm32wlxx_hal_uart.o
 .text.UART_DMATxHalfCplt
                0x080078bc       0x1c ./Drivers/STM32WLxx_HAL_Driver/Src/stm32wlxx_hal_uart.o
 .text.UART_DMAError
                0x080078d8       0x80 ./Drivers/STM32WLxx_HAL_Driver/Src/stm32wlxx_hal_uart.o
 .text.UART_DMAAbortOnError
                0x08007958       0x2c ./Drivers/STM32WLxx_HAL_Driver/Src/stm32wlxx_hal_uart.o
 .text.UART_EndTransmit_IT
                0x08007984       0x56 ./Drivers/STM32WLxx_HAL_Driver/Src/stm32wlxx_hal_uart.o
 *fill*         0x080079da        0x2 
 .text.UART_RxISR_8BIT
                0x080079dc      0x1b8 ./Drivers/STM32WLxx_HAL_Driver/Src/stm32wlxx_hal_uart.o
 .text.UART_RxISR_16BIT
                0x08007b94      0x1b8 ./Drivers/STM32WLxx_HAL_Driver/Src/stm32wlxx_hal_uart.o
 .text.UART_RxISR_8BIT_FIFOEN
                0x08007d4c      0x360 ./Drivers/STM32WLxx_HAL_Driver/Src/stm32wlxx_hal_uart.o
 .text.UART_RxISR_16BIT_FIFOEN
                0x080080ac      0x368 ./Drivers/STM32WLxx_HAL_Driver/Src/stm32wlxx_hal_uart.o
 .text.HAL_UARTEx_WakeupCallback
                0x08008414       0x12 ./Drivers/STM32WLxx_HAL_Driver/Src/stm32wlxx_hal_uart_ex.o
                0x08008414                HAL_UARTEx_WakeupCallback
 .text.HAL_UARTEx_RxFifoFullCallback
                0x08008426       0x12 ./Drivers/STM32WLxx_HAL_Driver/Src/stm32wlxx_hal_uart_ex.o
                0x08008426                HAL_UARTEx_RxFifoFullCallback
 .text.HAL_UARTEx_TxFifoEmptyCallback
                0x08008438       0x12 ./Drivers/STM32WLxx_HAL_Driver/Src/stm32wlxx_hal_uart_ex.o
                0x08008438                HAL_UARTEx_TxFifoEmptyCallback
 .text.HAL_UARTEx_StopModeWakeUpSourceConfig
                0x0800844a       0xb6 ./Drivers/STM32WLxx_HAL_Driver/Src/stm32wlxx_hal_uart_ex.o
                0x0800844a                HAL_UARTEx_StopModeWakeUpSourceConfig
 .text.HAL_UARTEx_EnableStopMode
                0x08008500       0x64 ./Drivers/STM32WLxx_HAL_Driver/Src/stm32wlxx_hal_uart_ex.o
                0x08008500                HAL_UARTEx_EnableStopMode
 .text.HAL_UARTEx_DisableFifoMode
                0x08008564       0x70 ./Drivers/STM32WLxx_HAL_Driver/Src/stm32wlxx_hal_uart_ex.o
                0x08008564                HAL_UARTEx_DisableFifoMode
 .text.HAL_UARTEx_SetTxFifoThreshold
                0x080085d4       0x7c ./Drivers/STM32WLxx_HAL_Driver/Src/stm32wlxx_hal_uart_ex.o
                0x080085d4                HAL_UARTEx_SetTxFifoThreshold
 .text.HAL_UARTEx_SetRxFifoThreshold
                0x08008650       0x7c ./Drivers/STM32WLxx_HAL_Driver/Src/stm32wlxx_hal_uart_ex.o
                0x08008650                HAL_UARTEx_SetRxFifoThreshold
 .text.UARTEx_Wakeup_AddressConfig
                0x080086cc       0x44 ./Drivers/STM32WLxx_HAL_Driver/Src/stm32wlxx_hal_uart_ex.o
 .text.UARTEx_SetNbDataToProcess
                0x08008710       0x98 ./Drivers/STM32WLxx_HAL_Driver/Src/stm32wlxx_hal_uart_ex.o
 .text.RadioInit
                0x080087a8       0xb8 ./Middlewares/Third_Party/SubGHz_Phy/stm32_radio_driver/radio.o
 .text.RadioGetStatus
                0x08008860       0x2e ./Middlewares/Third_Party/SubGHz_Phy/stm32_radio_driver/radio.o
 *fill*         0x0800888e        0x2 
 .text.RadioSetModem
                0x08008890       0xb8 ./Middlewares/Third_Party/SubGHz_Phy/stm32_radio_driver/radio.o
 .text.RadioSetChannel
                0x08008948       0x16 ./Middlewares/Third_Party/SubGHz_Phy/stm32_radio_driver/radio.o
 .text.RadioIsChannelFree
                0x0800895e       0xb4 ./Middlewares/Third_Party/SubGHz_Phy/stm32_radio_driver/radio.o
 .text.RadioRandom
                0x08008a12       0x26 ./Middlewares/Third_Party/SubGHz_Phy/stm32_radio_driver/radio.o
 .text.RadioSetRxConfig
                0x08008a38      0x418 ./Middlewares/Third_Party/SubGHz_Phy/stm32_radio_driver/radio.o
 .text.RadioSetTxConfig
                0x08008e50      0x224 ./Middlewares/Third_Party/SubGHz_Phy/stm32_radio_driver/radio.o
 .text.RadioCheckRfFrequency
                0x08009074       0x14 ./Middlewares/Third_Party/SubGHz_Phy/stm32_radio_driver/radio.o
 .text.RadioGetLoRaBandwidthInHz
                0x08009088       0xac ./Middlewares/Third_Party/SubGHz_Phy/stm32_radio_driver/radio.o
 .text.RadioGetGfskTimeOnAirNumerator
                0x08009134       0x54 ./Middlewares/Third_Party/SubGHz_Phy/stm32_radio_driver/radio.o
 .text.RadioGetLoRaTimeOnAirNumerator
                0x08009188      0x102 ./Middlewares/Third_Party/SubGHz_Phy/stm32_radio_driver/radio.o
 *fill*         0x0800928a        0x2 
 .text.RadioTimeOnAir
                0x0800928c       0xb0 ./Middlewares/Third_Party/SubGHz_Phy/stm32_radio_driver/radio.o
 .text.RadioSend
                0x0800933c      0x200 ./Middlewares/Third_Party/SubGHz_Phy/stm32_radio_driver/radio.o
 .text.RadioSleep
                0x0800953c       0x26 ./Middlewares/Third_Party/SubGHz_Phy/stm32_radio_driver/radio.o
 .text.RadioStandby
                0x08009562        0xe ./Middlewares/Third_Party/SubGHz_Phy/stm32_radio_driver/radio.o
 .text.RadioRx  0x08009570       0x80 ./Middlewares/Third_Party/SubGHz_Phy/stm32_radio_driver/radio.o
 .text.RadioRxBoosted
                0x080095f0       0x80 ./Middlewares/Third_Party/SubGHz_Phy/stm32_radio_driver/radio.o
 .text.RadioSetRxDutyCycle
                0x08009670       0x48 ./Middlewares/Third_Party/SubGHz_Phy/stm32_radio_driver/radio.o
 .text.RadioStartCad
                0x080096b8       0x30 ./Middlewares/Third_Party/SubGHz_Phy/stm32_radio_driver/radio.o
 .text.RadioSetTxContinuousWave
                0x080096e8       0x64 ./Middlewares/Third_Party/SubGHz_Phy/stm32_radio_driver/radio.o
 .text.RadioRssi
                0x0800974c       0x18 ./Middlewares/Third_Party/SubGHz_Phy/stm32_radio_driver/radio.o
 .text.RadioWrite
                0x08009764       0x24 ./Middlewares/Third_Party/SubGHz_Phy/stm32_radio_driver/radio.o
 .text.RadioRead
                0x08009788       0x1c ./Middlewares/Third_Party/SubGHz_Phy/stm32_radio_driver/radio.o
 .text.RadioWriteRegisters
                0x080097a4       0x26 ./Middlewares/Third_Party/SubGHz_Phy/stm32_radio_driver/radio.o
 .text.RadioReadRegisters
                0x080097ca       0x26 ./Middlewares/Third_Party/SubGHz_Phy/stm32_radio_driver/radio.o
 .text.RadioSetMaxPayloadLength
                0x080097f0       0x5c ./Middlewares/Third_Party/SubGHz_Phy/stm32_radio_driver/radio.o
 .text.RadioSetPublicNetwork
                0x0800984c       0x5c ./Middlewares/Third_Party/SubGHz_Phy/stm32_radio_driver/radio.o
 .text.RadioGetWakeupTime
                0x080098a8       0x10 ./Middlewares/Third_Party/SubGHz_Phy/stm32_radio_driver/radio.o
 .text.RadioOnTxTimeoutIrq
                0x080098b8       0x14 ./Middlewares/Third_Party/SubGHz_Phy/stm32_radio_driver/radio.o
 .text.RadioOnRxTimeoutIrq
                0x080098cc       0x14 ./Middlewares/Third_Party/SubGHz_Phy/stm32_radio_driver/radio.o
 .text.RadioOnTxTimeoutProcess
                0x080098e0       0x28 ./Middlewares/Third_Party/SubGHz_Phy/stm32_radio_driver/radio.o
 .text.RadioOnRxTimeoutProcess
                0x08009908       0x28 ./Middlewares/Third_Party/SubGHz_Phy/stm32_radio_driver/radio.o
 .text.RadioOnDioIrq
                0x08009930       0x24 ./Middlewares/Third_Party/SubGHz_Phy/stm32_radio_driver/radio.o
 .text.RadioIrqProcess
                0x08009954      0x44c ./Middlewares/Third_Party/SubGHz_Phy/stm32_radio_driver/radio.o
 .text.RadioTxPrbs
                0x08009da0       0x38 ./Middlewares/Third_Party/SubGHz_Phy/stm32_radio_driver/radio.o
 .text.RadioTxCw
                0x08009dd8       0x38 ./Middlewares/Third_Party/SubGHz_Phy/stm32_radio_driver/radio.o
 .text.payload_integration
                0x08009e10      0x120 ./Middlewares/Third_Party/SubGHz_Phy/stm32_radio_driver/radio.o
 .text.RadioSetRxGenericConfig
                0x08009f30      0x388 ./Middlewares/Third_Party/SubGHz_Phy/stm32_radio_driver/radio.o
 .text.RadioSetTxGenericConfig
                0x0800a2b8      0x46c ./Middlewares/Third_Party/SubGHz_Phy/stm32_radio_driver/radio.o
 .text.RadioLrFhssSetCfg
                0x0800a724       0x18 ./Middlewares/Third_Party/SubGHz_Phy/stm32_radio_driver/radio.o
 .text.RadioLrFhssGetTimeOnAirInMs
                0x0800a73c       0x16 ./Middlewares/Third_Party/SubGHz_Phy/stm32_radio_driver/radio.o
 *fill*         0x0800a752        0x2 
 .text.SUBGRF_Init
                0x0800a754       0x90 ./Middlewares/Third_Party/SubGHz_Phy/stm32_radio_driver/radio_driver.o
                0x0800a754                SUBGRF_Init
 .text.SUBGRF_GetOperatingMode
                0x0800a7e4       0x14 ./Middlewares/Third_Party/SubGHz_Phy/stm32_radio_driver/radio_driver.o
                0x0800a7e4                SUBGRF_GetOperatingMode
 .text.SUBGRF_SetPayload
                0x0800a7f8       0x20 ./Middlewares/Third_Party/SubGHz_Phy/stm32_radio_driver/radio_driver.o
                0x0800a7f8                SUBGRF_SetPayload
 .text.SUBGRF_GetPayload
                0x0800a818       0x44 ./Middlewares/Third_Party/SubGHz_Phy/stm32_radio_driver/radio_driver.o
                0x0800a818                SUBGRF_GetPayload
 .text.SUBGRF_SendPayload
                0x0800a85c       0x26 ./Middlewares/Third_Party/SubGHz_Phy/stm32_radio_driver/radio_driver.o
                0x0800a85c                SUBGRF_SendPayload
 .text.SUBGRF_SetSyncWord
                0x0800a882       0x1e ./Middlewares/Third_Party/SubGHz_Phy/stm32_radio_driver/radio_driver.o
                0x0800a882                SUBGRF_SetSyncWord
 .text.SUBGRF_SetCrcSeed
                0x0800a8a0       0x40 ./Middlewares/Third_Party/SubGHz_Phy/stm32_radio_driver/radio_driver.o
                0x0800a8a0                SUBGRF_SetCrcSeed
 .text.SUBGRF_SetCrcPolynomial
                0x0800a8e0       0x40 ./Middlewares/Third_Party/SubGHz_Phy/stm32_radio_driver/radio_driver.o
                0x0800a8e0                SUBGRF_SetCrcPolynomial
 .text.SUBGRF_SetWhiteningSeed
                0x0800a920       0x66 ./Middlewares/Third_Party/SubGHz_Phy/stm32_radio_driver/radio_driver.o
                0x0800a920                SUBGRF_SetWhiteningSeed
 .text.SUBGRF_GetRandom
                0x0800a986       0x8c ./Middlewares/Third_Party/SubGHz_Phy/stm32_radio_driver/radio_driver.o
                0x0800a986                SUBGRF_GetRandom
 *fill*         0x0800aa12        0x2 
 .text.SUBGRF_SetSleep
                0x0800aa14       0x64 ./Middlewares/Third_Party/SubGHz_Phy/stm32_radio_driver/radio_driver.o
                0x0800aa14                SUBGRF_SetSleep
 .text.SUBGRF_SetStandby
                0x0800aa78       0x38 ./Middlewares/Third_Party/SubGHz_Phy/stm32_radio_driver/radio_driver.o
                0x0800aa78                SUBGRF_SetStandby
 .text.SUBGRF_SetTx
                0x0800aab0       0x40 ./Middlewares/Third_Party/SubGHz_Phy/stm32_radio_driver/radio_driver.o
                0x0800aab0                SUBGRF_SetTx
 .text.SUBGRF_SetRx
                0x0800aaf0       0x40 ./Middlewares/Third_Party/SubGHz_Phy/stm32_radio_driver/radio_driver.o
                0x0800aaf0                SUBGRF_SetRx
 .text.SUBGRF_SetRxBoosted
                0x0800ab30       0x48 ./Middlewares/Third_Party/SubGHz_Phy/stm32_radio_driver/radio_driver.o
                0x0800ab30                SUBGRF_SetRxBoosted
 .text.SUBGRF_SetRxDutyCycle
                0x0800ab78       0x58 ./Middlewares/Third_Party/SubGHz_Phy/stm32_radio_driver/radio_driver.o
                0x0800ab78                SUBGRF_SetRxDutyCycle
 .text.SUBGRF_SetCad
                0x0800abd0       0x1c ./Middlewares/Third_Party/SubGHz_Phy/stm32_radio_driver/radio_driver.o
                0x0800abd0                SUBGRF_SetCad
 .text.SUBGRF_SetTxContinuousWave
                0x0800abec       0x12 ./Middlewares/Third_Party/SubGHz_Phy/stm32_radio_driver/radio_driver.o
                0x0800abec                SUBGRF_SetTxContinuousWave
 .text.SUBGRF_SetTxInfinitePreamble
                0x0800abfe       0x12 ./Middlewares/Third_Party/SubGHz_Phy/stm32_radio_driver/radio_driver.o
                0x0800abfe                SUBGRF_SetTxInfinitePreamble
 .text.SUBGRF_SetStopRxTimerOnPreambleDetect
                0x0800ac10       0x1e ./Middlewares/Third_Party/SubGHz_Phy/stm32_radio_driver/radio_driver.o
                0x0800ac10                SUBGRF_SetStopRxTimerOnPreambleDetect
 .text.SUBGRF_SetLoRaSymbNumTimeout
                0x0800ac2e       0x5e ./Middlewares/Third_Party/SubGHz_Phy/stm32_radio_driver/radio_driver.o
                0x0800ac2e                SUBGRF_SetLoRaSymbNumTimeout
 .text.SUBGRF_SetRegulatorMode
                0x0800ac8c       0x2e ./Middlewares/Third_Party/SubGHz_Phy/stm32_radio_driver/radio_driver.o
                0x0800ac8c                SUBGRF_SetRegulatorMode
 .text.SUBGRF_Calibrate
                0x0800acba       0x8c ./Middlewares/Third_Party/SubGHz_Phy/stm32_radio_driver/radio_driver.o
                0x0800acba                SUBGRF_Calibrate
 *fill*         0x0800ad46        0x2 
 .text.SUBGRF_CalibrateImage
                0x0800ad48       0x94 ./Middlewares/Third_Party/SubGHz_Phy/stm32_radio_driver/radio_driver.o
                0x0800ad48                SUBGRF_CalibrateImage
 .text.SUBGRF_SetPaConfig
                0x0800addc       0x44 ./Middlewares/Third_Party/SubGHz_Phy/stm32_radio_driver/radio_driver.o
                0x0800addc                SUBGRF_SetPaConfig
 .text.SUBGRF_SetDioIrqParams
                0x0800ae20       0x74 ./Middlewares/Third_Party/SubGHz_Phy/stm32_radio_driver/radio_driver.o
                0x0800ae20                SUBGRF_SetDioIrqParams
 .text.SUBGRF_SetTcxoMode
                0x0800ae94       0x42 ./Middlewares/Third_Party/SubGHz_Phy/stm32_radio_driver/radio_driver.o
                0x0800ae94                SUBGRF_SetTcxoMode
 *fill*         0x0800aed6        0x2 
 .text.SUBGRF_SetRfFrequency
                0x0800aed8       0x8c ./Middlewares/Third_Party/SubGHz_Phy/stm32_radio_driver/radio_driver.o
                0x0800aed8                SUBGRF_SetRfFrequency
 .text.SUBGRF_SetPacketType
                0x0800af64       0x38 ./Middlewares/Third_Party/SubGHz_Phy/stm32_radio_driver/radio_driver.o
                0x0800af64                SUBGRF_SetPacketType
 .text.SUBGRF_GetPacketType
                0x0800af9c       0x14 ./Middlewares/Third_Party/SubGHz_Phy/stm32_radio_driver/radio_driver.o
                0x0800af9c                SUBGRF_GetPacketType
 .text.SUBGRF_SetTxParams
                0x0800afb0      0x19a ./Middlewares/Third_Party/SubGHz_Phy/stm32_radio_driver/radio_driver.o
                0x0800afb0                SUBGRF_SetTxParams
 *fill*         0x0800b14a        0x2 
 .text.SUBGRF_SetModulationParams
                0x0800b14c      0x1a4 ./Middlewares/Third_Party/SubGHz_Phy/stm32_radio_driver/radio_driver.o
                0x0800b14c                SUBGRF_SetModulationParams
 .text.SUBGRF_SetPacketParams
                0x0800b2f0      0x13c ./Middlewares/Third_Party/SubGHz_Phy/stm32_radio_driver/radio_driver.o
                0x0800b2f0                SUBGRF_SetPacketParams
 .text.SUBGRF_SetBufferBaseAddress
                0x0800b42c       0x2e ./Middlewares/Third_Party/SubGHz_Phy/stm32_radio_driver/radio_driver.o
                0x0800b42c                SUBGRF_SetBufferBaseAddress
 .text.SUBGRF_GetRssiInst
                0x0800b45a       0x2a ./Middlewares/Third_Party/SubGHz_Phy/stm32_radio_driver/radio_driver.o
                0x0800b45a                SUBGRF_GetRssiInst
 .text.SUBGRF_GetRxBufferStatus
                0x0800b484       0x58 ./Middlewares/Third_Party/SubGHz_Phy/stm32_radio_driver/radio_driver.o
                0x0800b484                SUBGRF_GetRxBufferStatus
 .text.SUBGRF_GetPacketStatus
                0x0800b4dc       0xa4 ./Middlewares/Third_Party/SubGHz_Phy/stm32_radio_driver/radio_driver.o
                0x0800b4dc                SUBGRF_GetPacketStatus
 .text.SUBGRF_WriteRegister
                0x0800b580       0x28 ./Middlewares/Third_Party/SubGHz_Phy/stm32_radio_driver/radio_driver.o
                0x0800b580                SUBGRF_WriteRegister
 .text.SUBGRF_ReadRegister
                0x0800b5a8       0x28 ./Middlewares/Third_Party/SubGHz_Phy/stm32_radio_driver/radio_driver.o
                0x0800b5a8                SUBGRF_ReadRegister
 .text.SUBGRF_WriteRegisters
                0x0800b5d0       0x44 ./Middlewares/Third_Party/SubGHz_Phy/stm32_radio_driver/radio_driver.o
                0x0800b5d0                SUBGRF_WriteRegisters
 .text.SUBGRF_ReadRegisters
                0x0800b614       0x44 ./Middlewares/Third_Party/SubGHz_Phy/stm32_radio_driver/radio_driver.o
                0x0800b614                SUBGRF_ReadRegisters
 .text.SUBGRF_WriteBuffer
                0x0800b658       0x44 ./Middlewares/Third_Party/SubGHz_Phy/stm32_radio_driver/radio_driver.o
                0x0800b658                SUBGRF_WriteBuffer
 .text.SUBGRF_ReadBuffer
                0x0800b69c       0x44 ./Middlewares/Third_Party/SubGHz_Phy/stm32_radio_driver/radio_driver.o
                0x0800b69c                SUBGRF_ReadBuffer
 .text.SUBGRF_WriteCommand
                0x0800b6e0       0x44 ./Middlewares/Third_Party/SubGHz_Phy/stm32_radio_driver/radio_driver.o
                0x0800b6e0                SUBGRF_WriteCommand
 .text.SUBGRF_ReadCommand
                0x0800b724       0x44 ./Middlewares/Third_Party/SubGHz_Phy/stm32_radio_driver/radio_driver.o
                0x0800b724                SUBGRF_ReadCommand
 .text.SUBGRF_SetSwitch
                0x0800b768       0x50 ./Middlewares/Third_Party/SubGHz_Phy/stm32_radio_driver/radio_driver.o
                0x0800b768                SUBGRF_SetSwitch
 .text.SUBGRF_SetRfTxPower
                0x0800b7b8       0x68 ./Middlewares/Third_Party/SubGHz_Phy/stm32_radio_driver/radio_driver.o
                0x0800b7b8                SUBGRF_SetRfTxPower
 .text.SUBGRF_GetRadioWakeUpTime
                0x0800b820        0xe ./Middlewares/Third_Party/SubGHz_Phy/stm32_radio_driver/radio_driver.o
                0x0800b820                SUBGRF_GetRadioWakeUpTime
 *fill*         0x0800b82e        0x2 
 .text.HAL_SUBGHZ_TxCpltCallback
                0x0800b830       0x1c ./Middlewares/Third_Party/SubGHz_Phy/stm32_radio_driver/radio_driver.o
                0x0800b830                HAL_SUBGHZ_TxCpltCallback
 .text.HAL_SUBGHZ_RxCpltCallback
                0x0800b84c       0x1c ./Middlewares/Third_Party/SubGHz_Phy/stm32_radio_driver/radio_driver.o
                0x0800b84c                HAL_SUBGHZ_RxCpltCallback
 .text.HAL_SUBGHZ_CRCErrorCallback
                0x0800b868       0x1c ./Middlewares/Third_Party/SubGHz_Phy/stm32_radio_driver/radio_driver.o
                0x0800b868                HAL_SUBGHZ_CRCErrorCallback
 .text.HAL_SUBGHZ_CADStatusCallback
                0x0800b884       0x3c ./Middlewares/Third_Party/SubGHz_Phy/stm32_radio_driver/radio_driver.o
                0x0800b884                HAL_SUBGHZ_CADStatusCallback
 .text.HAL_SUBGHZ_RxTxTimeoutCallback
                0x0800b8c0       0x20 ./Middlewares/Third_Party/SubGHz_Phy/stm32_radio_driver/radio_driver.o
                0x0800b8c0                HAL_SUBGHZ_RxTxTimeoutCallback
 .text.HAL_SUBGHZ_HeaderErrorCallback
                0x0800b8e0       0x1c ./Middlewares/Third_Party/SubGHz_Phy/stm32_radio_driver/radio_driver.o
                0x0800b8e0                HAL_SUBGHZ_HeaderErrorCallback
 .text.HAL_SUBGHZ_PreambleDetectedCallback
                0x0800b8fc       0x1c ./Middlewares/Third_Party/SubGHz_Phy/stm32_radio_driver/radio_driver.o
                0x0800b8fc                HAL_SUBGHZ_PreambleDetectedCallback
 .text.HAL_SUBGHZ_SyncWordValidCallback
                0x0800b918       0x1c ./Middlewares/Third_Party/SubGHz_Phy/stm32_radio_driver/radio_driver.o
                0x0800b918                HAL_SUBGHZ_SyncWordValidCallback
 .text.HAL_SUBGHZ_HeaderValidCallback
                0x0800b934       0x1c ./Middlewares/Third_Party/SubGHz_Phy/stm32_radio_driver/radio_driver.o
                0x0800b934                HAL_SUBGHZ_HeaderValidCallback
 .text.HAL_SUBGHZ_LrFhssHopCallback
                0x0800b950       0x20 ./Middlewares/Third_Party/SubGHz_Phy/stm32_radio_driver/radio_driver.o
                0x0800b950                HAL_SUBGHZ_LrFhssHopCallback
 .text.Radio_SMPS_Set
                0x0800b970       0x42 ./Middlewares/Third_Party/SubGHz_Phy/stm32_radio_driver/radio_driver.o
 *fill*         0x0800b9b2        0x2 
 .text.SUBGRF_GetFskBandwidthRegValue
                0x0800b9b4       0x50 ./Middlewares/Third_Party/SubGHz_Phy/stm32_radio_driver/radio_driver.o
                0x0800b9b4                SUBGRF_GetFskBandwidthRegValue
 .text.SUBGRF_GetCFO
                0x0800ba04       0xe8 ./Middlewares/Third_Party/SubGHz_Phy/stm32_radio_driver/radio_driver.o
                0x0800ba04                SUBGRF_GetCFO
 .text.RFW_TransmitLongPacket
                0x0800baec       0x24 ./Middlewares/Third_Party/SubGHz_Phy/stm32_radio_driver/radio_fw.o
                0x0800baec                RFW_TransmitLongPacket
 .text.RFW_ReceiveLongPacket
                0x0800bb10       0x24 ./Middlewares/Third_Party/SubGHz_Phy/stm32_radio_driver/radio_fw.o
                0x0800bb10                RFW_ReceiveLongPacket
 .text.RFW_Init
                0x0800bb34       0x1a ./Middlewares/Third_Party/SubGHz_Phy/stm32_radio_driver/radio_fw.o
                0x0800bb34                RFW_Init
 .text.RFW_DeInit
                0x0800bb4e        0xc ./Middlewares/Third_Party/SubGHz_Phy/stm32_radio_driver/radio_fw.o
                0x0800bb4e                RFW_DeInit
 .text.RFW_Is_Init
                0x0800bb5a        0xe ./Middlewares/Third_Party/SubGHz_Phy/stm32_radio_driver/radio_fw.o
                0x0800bb5a                RFW_Is_Init
 .text.RFW_Is_LongPacketModeEnabled
                0x0800bb68        0xe ./Middlewares/Third_Party/SubGHz_Phy/stm32_radio_driver/radio_fw.o
                0x0800bb68                RFW_Is_LongPacketModeEnabled
 .text.RFW_SetAntSwitch
                0x0800bb76       0x14 ./Middlewares/Third_Party/SubGHz_Phy/stm32_radio_driver/radio_fw.o
                0x0800bb76                RFW_SetAntSwitch
 .text.RFW_TransmitInit
                0x0800bb8a       0x20 ./Middlewares/Third_Party/SubGHz_Phy/stm32_radio_driver/radio_fw.o
                0x0800bb8a                RFW_TransmitInit
 .text.RFW_ReceiveInit
                0x0800bbaa       0x10 ./Middlewares/Third_Party/SubGHz_Phy/stm32_radio_driver/radio_fw.o
                0x0800bbaa                RFW_ReceiveInit
 .text.RFW_DeInit_TxLongPacket
                0x0800bbba        0xc ./Middlewares/Third_Party/SubGHz_Phy/stm32_radio_driver/radio_fw.o
                0x0800bbba                RFW_DeInit_TxLongPacket
 .text.RFW_ReceivePayload
                0x0800bbc6        0xc ./Middlewares/Third_Party/SubGHz_Phy/stm32_radio_driver/radio_fw.o
                0x0800bbc6                RFW_ReceivePayload
 .text.RFW_SetRadioModem
                0x0800bbd2       0x14 ./Middlewares/Third_Party/SubGHz_Phy/stm32_radio_driver/radio_fw.o
                0x0800bbd2                RFW_SetRadioModem
 .text.MX_SubGHz_Phy_Init
                0x0800bbe6       0x10 ./SubGHz_Phy/App/app_subghz_phy.o
                0x0800bbe6                MX_SubGHz_Phy_Init
 .text.MX_SubGHz_Phy_Process
                0x0800bbf6       0x10 ./SubGHz_Phy/App/app_subghz_phy.o
                0x0800bbf6                MX_SubGHz_Phy_Process
 .text.dhc_log2_up_abs
                0x0800bc06       0x48 ./SubGHz_Phy/App/compression.o
 .text.dhc_pow2
                0x0800bc4e       0x34 ./SubGHz_Phy/App/compression.o
 .text.dhc_hist_reset
                0x0800bc82       0x40 ./SubGHz_Phy/App/compression.o
 .text.dhc_hist_update
                0x0800bcc2       0x24 ./SubGHz_Phy/App/compression.o
 .text.dhc_hist_print
                0x0800bce6       0x14 ./SubGHz_Phy/App/compression.o
 .text.dhc_stream_init
                0x0800bcfa       0x40 ./SubGHz_Phy/App/compression.o
 .text.dhc_stream_size_bits_get
                0x0800bd3a       0x1e ./SubGHz_Phy/App/compression.o
 .text.dhc_stream_add
                0x0800bd58      0x100 ./SubGHz_Phy/App/compression.o
 .text.dhc_compress
                0x0800be58      0x148 ./SubGHz_Phy/App/compression.o
                0x0800be58                dhc_compress
 .text.dhc_compress_evaluate
                0x0800bfa0      0x14c ./SubGHz_Phy/App/compression.o
                0x0800bfa0                dhc_compress_evaluate
 .text.SubghzApp_Init
                0x0800c0ec      0x274 ./SubGHz_Phy/App/subghz_phy_app.o
                0x0800c0ec                SubghzApp_Init
 .text.Tx_Compressed
                0x0800c360      0x424 ./SubGHz_Phy/App/subghz_phy_app.o
                0x0800c360                Tx_Compressed
 .text.OnTxDone
                0x0800c784       0x18 ./SubGHz_Phy/App/subghz_phy_app.o
 .text.OnRxDone
                0x0800c79c       0x78 ./SubGHz_Phy/App/subghz_phy_app.o
 .text.OnTxTimeout
                0x0800c814       0x24 ./SubGHz_Phy/App/subghz_phy_app.o
 .text.OnRxTimeout
                0x0800c838       0x24 ./SubGHz_Phy/App/subghz_phy_app.o
 .text.OnRxError
                0x0800c85c       0x1c ./SubGHz_Phy/App/subghz_phy_app.o
 .text.Rx_Process
                0x0800c878       0xc0 ./SubGHz_Phy/App/subghz_phy_app.o
 .text.sendBeacon
                0x0800c938       0x44 ./SubGHz_Phy/App/subghz_phy_app.o
 .text.get_timeout_value
                0x0800c97c       0x18 ./SubGHz_Phy/App/subghz_phy_app.o
 .text.check_timeout
                0x0800c994       0x22 ./SubGHz_Phy/App/subghz_phy_app.o
 .text.RBI_Init
                0x0800c9b6        0xe ./SubGHz_Phy/Target/radio_board_if.o
                0x0800c9b6                RBI_Init
 .text.RBI_ConfigRFSwitch
                0x0800c9c4       0x1c ./SubGHz_Phy/Target/radio_board_if.o
                0x0800c9c4                RBI_ConfigRFSwitch
 .text.RBI_GetTxConfig
                0x0800c9e0        0xe ./SubGHz_Phy/Target/radio_board_if.o
                0x0800c9e0                RBI_GetTxConfig
 .text.RBI_IsTCXO
                0x0800c9ee        0xe ./SubGHz_Phy/Target/radio_board_if.o
                0x0800c9ee                RBI_IsTCXO
 .text.RBI_IsDCDC
                0x0800c9fc        0xe ./SubGHz_Phy/Target/radio_board_if.o
                0x0800c9fc                RBI_IsDCDC
 .text.RBI_GetRFOMaxPowerConfig
                0x0800ca0a       0x1c ./SubGHz_Phy/Target/radio_board_if.o
                0x0800ca0a                RBI_GetRFOMaxPowerConfig
 *fill*         0x0800ca26        0x2 
 .text.UTIL_LPM_Init
                0x0800ca28       0x20 ./Utilities/lpm/tiny_lpm/stm32_lpm.o
                0x0800ca28                UTIL_LPM_Init
 .text.UTIL_LPM_SetStopMode
                0x0800ca48       0x60 ./Utilities/lpm/tiny_lpm/stm32_lpm.o
                0x0800ca48                UTIL_LPM_SetStopMode
 .text.UTIL_LPM_SetOffMode
                0x0800caa8       0x60 ./Utilities/lpm/tiny_lpm/stm32_lpm.o
                0x0800caa8                UTIL_LPM_SetOffMode
 .text.UTIL_LPM_EnterLowPower
                0x0800cb08       0x6c ./Utilities/lpm/tiny_lpm/stm32_lpm.o
                0x0800cb08                UTIL_LPM_EnterLowPower
 .text.UTIL_MEM_cpy_8
                0x0800cb74       0x3e ./Utilities/misc/stm32_mem.o
                0x0800cb74                UTIL_MEM_cpy_8
 .text.UTIL_MEM_set_8
                0x0800cbb2       0x36 ./Utilities/misc/stm32_mem.o
                0x0800cbb2                UTIL_MEM_set_8
 .text.SysTimeAdd
                0x0800cbe8       0x72 ./Utilities/misc/stm32_systime.o
                0x0800cbe8                SysTimeAdd
 *fill*         0x0800cc5a        0x2 
 .text.SysTimeGet
                0x0800cc5c       0x70 ./Utilities/misc/stm32_systime.o
                0x0800cc5c                SysTimeGet
 .text.ee_skip_atoi
                0x0800cccc       0x4c ./Utilities/misc/stm32_tiny_vsnprintf.o
 .text.ee_number
                0x0800cd18      0x1dc ./Utilities/misc/stm32_tiny_vsnprintf.o
 .text.tiny_vsnprintf_like
                0x0800cef4      0x2a4 ./Utilities/misc/stm32_tiny_vsnprintf.o
                0x0800cef4                tiny_vsnprintf_like
 .text.UTIL_SEQ_Run
                0x0800d198      0x1f8 ./Utilities/sequencer/stm32_seq.o
                0x0800d198                UTIL_SEQ_Run
 .text.UTIL_SEQ_RegTask
                0x0800d390       0x44 ./Utilities/sequencer/stm32_seq.o
                0x0800d390                UTIL_SEQ_RegTask
 .text.UTIL_SEQ_SetTask
                0x0800d3d4       0x58 ./Utilities/sequencer/stm32_seq.o
                0x0800d3d4                UTIL_SEQ_SetTask
 .text.UTIL_SEQ_PreIdle
                0x0800d42c        0xc ./Utilities/sequencer/stm32_seq.o
                0x0800d42c                UTIL_SEQ_PreIdle
 .text.UTIL_SEQ_PostIdle
                0x0800d438        0xc ./Utilities/sequencer/stm32_seq.o
                0x0800d438                UTIL_SEQ_PostIdle
 .text.SEQ_BitPosition
                0x0800d444       0x70 ./Utilities/sequencer/stm32_seq.o
                0x0800d444                SEQ_BitPosition
 .text.UTIL_TIMER_Init
                0x0800d4b4       0x20 ./Utilities/timer/stm32_timer.o
                0x0800d4b4                UTIL_TIMER_Init
 .text.UTIL_TIMER_Create
                0x0800d4d4       0x6c ./Utilities/timer/stm32_timer.o
                0x0800d4d4                UTIL_TIMER_Create
 .text.UTIL_TIMER_Start
                0x0800d540       0xdc ./Utilities/timer/stm32_timer.o
                0x0800d540                UTIL_TIMER_Start
 .text.UTIL_TIMER_Stop
                0x0800d61c       0xe0 ./Utilities/timer/stm32_timer.o
                0x0800d61c                UTIL_TIMER_Stop
 .text.UTIL_TIMER_SetPeriod
                0x0800d6fc       0x54 ./Utilities/timer/stm32_timer.o
                0x0800d6fc                UTIL_TIMER_SetPeriod
 .text.UTIL_TIMER_IRQ_Handler
                0x0800d750      0x100 ./Utilities/timer/stm32_timer.o
                0x0800d750                UTIL_TIMER_IRQ_Handler
 .text.UTIL_TIMER_GetCurrentTime
                0x0800d850       0x24 ./Utilities/timer/stm32_timer.o
                0x0800d850                UTIL_TIMER_GetCurrentTime
 .text.UTIL_TIMER_GetElapsedTime
                0x0800d874       0x38 ./Utilities/timer/stm32_timer.o
                0x0800d874                UTIL_TIMER_GetElapsedTime
 .text.TimerExists
                0x0800d8ac       0x38 ./Utilities/timer/stm32_timer.o
                0x0800d8ac                TimerExists
 .text.TimerSetTimeout
                0x0800d8e4       0x54 ./Utilities/timer/stm32_timer.o
                0x0800d8e4                TimerSetTimeout
 .text.TimerInsertTimer
                0x0800d938       0x60 ./Utilities/timer/stm32_timer.o
                0x0800d938                TimerInsertTimer
 .text.TimerInsertNewHeadTimer
                0x0800d998       0x3c ./Utilities/timer/stm32_timer.o
                0x0800d998                TimerInsertNewHeadTimer
 .text.UTIL_ADV_TRACE_Init
                0x0800d9d4       0x38 ./Utilities/trace/adv_trace/stm32_adv_trace.o
                0x0800d9d4                UTIL_ADV_TRACE_Init
 .text.UTIL_ADV_TRACE_COND_FSend
                0x0800da0c      0x100 ./Utilities/trace/adv_trace/stm32_adv_trace.o
                0x0800da0c                UTIL_ADV_TRACE_COND_FSend
 .text.UTIL_ADV_TRACE_RegisterTimeStampFunction
                0x0800db0c       0x1c ./Utilities/trace/adv_trace/stm32_adv_trace.o
                0x0800db0c                UTIL_ADV_TRACE_RegisterTimeStampFunction
 .text.UTIL_ADV_TRACE_SetVerboseLevel
                0x0800db28       0x20 ./Utilities/trace/adv_trace/stm32_adv_trace.o
                0x0800db28                UTIL_ADV_TRACE_SetVerboseLevel
 .text.TRACE_Send
                0x0800db48      0x108 ./Utilities/trace/adv_trace/stm32_adv_trace.o
 .text.TRACE_TxCpltCallback
                0x0800dc50      0x118 ./Utilities/trace/adv_trace/stm32_adv_trace.o
 .text.TRACE_AllocateBufer
                0x0800dd68       0xfc ./Utilities/trace/adv_trace/stm32_adv_trace.o
 .text.TRACE_Lock
                0x0800de64       0x3c ./Utilities/trace/adv_trace/stm32_adv_trace.o
 .text.TRACE_UnLock
                0x0800dea0       0x3c ./Utilities/trace/adv_trace/stm32_adv_trace.o
 .text.TRACE_IsLocked
                0x0800dedc       0x20 ./Utilities/trace/adv_trace/stm32_adv_trace.o
 .text.__cvt    0x0800defc       0xc8 /Applications/STM32CubeIDE.app/Contents/Eclipse/plugins/com.st.stm32cube.ide.mcu.externaltools.gnu-tools-for-stm32.12.3.rel1.macos64_1.0.200.202406191456/tools/bin/../lib/gcc/arm-none-eabi/12.3.1/../../../../arm-none-eabi/lib/thumb/v7e-m/nofp/libc_nano.a(libc_a-nano-vfprintf_float.o)
                0x0800defc                __cvt
 .text.__exponent
                0x0800dfc4       0x74 /Applications/STM32CubeIDE.app/Contents/Eclipse/plugins/com.st.stm32cube.ide.mcu.externaltools.gnu-tools-for-stm32.12.3.rel1.macos64_1.0.200.202406191456/tools/bin/../lib/gcc/arm-none-eabi/12.3.1/../../../../arm-none-eabi/lib/thumb/v7e-m/nofp/libc_nano.a(libc_a-nano-vfprintf_float.o)
                0x0800dfc4                __exponent
 .text._printf_float
                0x0800e038      0x458 /Applications/STM32CubeIDE.app/Contents/Eclipse/plugins/com.st.stm32cube.ide.mcu.externaltools.gnu-tools-for-stm32.12.3.rel1.macos64_1.0.200.202406191456/tools/bin/../lib/gcc/arm-none-eabi/12.3.1/../../../../arm-none-eabi/lib/thumb/v7e-m/nofp/libc_nano.a(libc_a-nano-vfprintf_float.o)
                0x0800e038                _printf_float
 .text.malloc   0x0800e490       0x10 /Applications/STM32CubeIDE.app/Contents/Eclipse/plugins/com.st.stm32cube.ide.mcu.externaltools.gnu-tools-for-stm32.12.3.rel1.macos64_1.0.200.202406191456/tools/bin/../lib/gcc/arm-none-eabi/12.3.1/../../../../arm-none-eabi/lib/thumb/v7e-m/nofp/libc_nano.a(libc_a-malloc.o)
                0x0800e490                malloc
 .text.sbrk_aligned
                0x0800e4a0       0x44 /Applications/STM32CubeIDE.app/Contents/Eclipse/plugins/com.st.stm32cube.ide.mcu.externaltools.gnu-tools-for-stm32.12.3.rel1.macos64_1.0.200.202406191456/tools/bin/../lib/gcc/arm-none-eabi/12.3.1/../../../../arm-none-eabi/lib/thumb/v7e-m/nofp/libc_nano.a(libc_a-mallocr.o)
 .text._malloc_r
                0x0800e4e4      0x100 /Applications/STM32CubeIDE.app/Contents/Eclipse/plugins/com.st.stm32cube.ide.mcu.externaltools.gnu-tools-for-stm32.12.3.rel1.macos64_1.0.200.202406191456/tools/bin/../lib/gcc/arm-none-eabi/12.3.1/../../../../arm-none-eabi/lib/thumb/v7e-m/nofp/libc_nano.a(libc_a-mallocr.o)
                0x0800e4e4                _malloc_r
 .text._printf_common
                0x0800e5e4       0xda /Applications/STM32CubeIDE.app/Contents/Eclipse/plugins/com.st.stm32cube.ide.mcu.externaltools.gnu-tools-for-stm32.12.3.rel1.macos64_1.0.200.202406191456/tools/bin/../lib/gcc/arm-none-eabi/12.3.1/../../../../arm-none-eabi/lib/thumb/v7e-m/nofp/libc_nano.a(libc_a-nano-vfprintf_i.o)
                0x0800e5e4                _printf_common
 *fill*         0x0800e6be        0x2 
 .text._printf_i
                0x0800e6c0      0x240 /Applications/STM32CubeIDE.app/Contents/Eclipse/plugins/com.st.stm32cube.ide.mcu.externaltools.gnu-tools-for-stm32.12.3.rel1.macos64_1.0.200.202406191456/tools/bin/../lib/gcc/arm-none-eabi/12.3.1/../../../../arm-none-eabi/lib/thumb/v7e-m/nofp/libc_nano.a(libc_a-nano-vfprintf_i.o)
                0x0800e6c0                _printf_i
 .text.__sflush_r
                0x0800e900      0x100 /Applications/STM32CubeIDE.app/Contents/Eclipse/plugins/com.st.stm32cube.ide.mcu.externaltools.gnu-tools-for-stm32.12.3.rel1.macos64_1.0.200.202406191456/tools/bin/../lib/gcc/arm-none-eabi/12.3.1/../../../../arm-none-eabi/lib/thumb/v7e-m/nofp/libc_nano.a(libc_a-fflush.o)
                0x0800e900                __sflush_r
 .text._fflush_r