../SubGHz_Phy/App/subghz_phy_app.c:240:6:SubghzApp_Init	56	static
../SubGHz_Phy/App/subghz_phy_app.c:348:6:Tx_Compressed	72	static
../SubGHz_Phy/App/subghz_phy_app.c:528:6:Rx_Unpack	152	static
../SubGHz_Phy/App/subghz_phy_app.c:629:6:Tx_Compressed_Timestamp	32	static
../SubGHz_Phy/App/subghz_phy_app.c:696:13:OnTxDone	4	static
../SubGHz_Phy/App/subghz_phy_app.c:711:13:OnRxDone	32	static
../SubGHz_Phy/App/subghz_phy_app.c:735:13:OnTxTimeout	8	static
../SubGHz_Phy/App/subghz_phy_app.c:745:13:OnRxTimeout	8	static
../SubGHz_Phy/App/subghz_phy_app.c:759:13:OnRxError	8	static
../SubGHz_Phy/App/subghz_phy_app.c:771:13:Rx_Process	16	static
../SubGHz_Phy/App/subghz_phy_app.c:885:6:unpack_data	32	static
../SubGHz_Phy/App/subghz_phy_app.c:896:6:process_timestamp	56	static
../SubGHz_Phy/App/subghz_phy_app.c:929:6:Rx_Timestamp	24	static
../SubGHz_Phy/App/subghz_phy_app.c:971:6:sendBeacon	16	static
../SubGHz_Phy/App/subghz_phy_app.c:984:10:get_timeout_value	8	static
../SubGHz_Phy/App/subghz_phy_app.c:989:6:check_timeout	16	static
../SubGHz_Phy/App/subghz_phy_app.c:997:6:sendACK	24	static
